Archive member included to satisfy reference by file (symbol)

c:/st/stm32cubeide_1.0.2/stm32cubeide/plugins/com.st.stm32cube.ide.mcu.externaltools.gnu-tools-for-stm32.7-2018-q2-update.win32_1.0.0.201904181610/tools/bin/../lib/gcc/arm-none-eabi/7.3.1/../../../../arm-none-eabi/lib/thumb/v7-m\libc_nano.a(lib_a-errno.o)
                              Src/syscalls.o (__errno)
c:/st/stm32cubeide_1.0.2/stm32cubeide/plugins/com.st.stm32cube.ide.mcu.externaltools.gnu-tools-for-stm32.7-2018-q2-update.win32_1.0.0.201904181610/tools/bin/../lib/gcc/arm-none-eabi/7.3.1/../../../../arm-none-eabi/lib/thumb/v7-m\libc_nano.a(lib_a-exit.o)
                              c:/st/stm32cubeide_1.0.2/stm32cubeide/plugins/com.st.stm32cube.ide.mcu.externaltools.gnu-tools-for-stm32.7-2018-q2-update.win32_1.0.0.201904181610/tools/bin/../lib/gcc/arm-none-eabi/7.3.1/../../../../arm-none-eabi/lib/thumb/v7-m/crt0.o (exit)
c:/st/stm32cubeide_1.0.2/stm32cubeide/plugins/com.st.stm32cube.ide.mcu.externaltools.gnu-tools-for-stm32.7-2018-q2-update.win32_1.0.0.201904181610/tools/bin/../lib/gcc/arm-none-eabi/7.3.1/../../../../arm-none-eabi/lib/thumb/v7-m\libc_nano.a(lib_a-impure.o)
                              c:/st/stm32cubeide_1.0.2/stm32cubeide/plugins/com.st.stm32cube.ide.mcu.externaltools.gnu-tools-for-stm32.7-2018-q2-update.win32_1.0.0.201904181610/tools/bin/../lib/gcc/arm-none-eabi/7.3.1/../../../../arm-none-eabi/lib/thumb/v7-m\libc_nano.a(lib_a-exit.o) (_global_impure_ptr)
c:/st/stm32cubeide_1.0.2/stm32cubeide/plugins/com.st.stm32cube.ide.mcu.externaltools.gnu-tools-for-stm32.7-2018-q2-update.win32_1.0.0.201904181610/tools/bin/../lib/gcc/arm-none-eabi/7.3.1/../../../../arm-none-eabi/lib/thumb/v7-m\libc_nano.a(lib_a-init.o)
                              c:/st/stm32cubeide_1.0.2/stm32cubeide/plugins/com.st.stm32cube.ide.mcu.externaltools.gnu-tools-for-stm32.7-2018-q2-update.win32_1.0.0.201904181610/tools/bin/../lib/gcc/arm-none-eabi/7.3.1/../../../../arm-none-eabi/lib/thumb/v7-m/crt0.o (__libc_init_array)
c:/st/stm32cubeide_1.0.2/stm32cubeide/plugins/com.st.stm32cube.ide.mcu.externaltools.gnu-tools-for-stm32.7-2018-q2-update.win32_1.0.0.201904181610/tools/bin/../lib/gcc/arm-none-eabi/7.3.1/../../../../arm-none-eabi/lib/thumb/v7-m\libc_nano.a(lib_a-memset.o)
                              c:/st/stm32cubeide_1.0.2/stm32cubeide/plugins/com.st.stm32cube.ide.mcu.externaltools.gnu-tools-for-stm32.7-2018-q2-update.win32_1.0.0.201904181610/tools/bin/../lib/gcc/arm-none-eabi/7.3.1/../../../../arm-none-eabi/lib/thumb/v7-m/crt0.o (memset)
c:/st/stm32cubeide_1.0.2/stm32cubeide/plugins/com.st.stm32cube.ide.mcu.externaltools.gnu-tools-for-stm32.7-2018-q2-update.win32_1.0.0.201904181610/tools/bin/../lib/gcc/arm-none-eabi/7.3.1/../../../../arm-none-eabi/lib/thumb/v7-m\libc_nano.a(lib_a-rand.o)
                              Src/main.o (srand)
c:/st/stm32cubeide_1.0.2/stm32cubeide/plugins/com.st.stm32cube.ide.mcu.externaltools.gnu-tools-for-stm32.7-2018-q2-update.win32_1.0.0.201904181610/tools/bin/../lib/gcc/arm-none-eabi/7.3.1/../../../../arm-none-eabi/lib/thumb/v7-m\libc_nano.a(lib_a-malloc.o)
                              c:/st/stm32cubeide_1.0.2/stm32cubeide/plugins/com.st.stm32cube.ide.mcu.externaltools.gnu-tools-for-stm32.7-2018-q2-update.win32_1.0.0.201904181610/tools/bin/../lib/gcc/arm-none-eabi/7.3.1/../../../../arm-none-eabi/lib/thumb/v7-m\libc_nano.a(lib_a-rand.o) (malloc)
c:/st/stm32cubeide_1.0.2/stm32cubeide/plugins/com.st.stm32cube.ide.mcu.externaltools.gnu-tools-for-stm32.7-2018-q2-update.win32_1.0.0.201904181610/tools/bin/../lib/gcc/arm-none-eabi/7.3.1/../../../../arm-none-eabi/lib/thumb/v7-m\libc_nano.a(lib_a-nano-freer.o)
                              c:/st/stm32cubeide_1.0.2/stm32cubeide/plugins/com.st.stm32cube.ide.mcu.externaltools.gnu-tools-for-stm32.7-2018-q2-update.win32_1.0.0.201904181610/tools/bin/../lib/gcc/arm-none-eabi/7.3.1/../../../../arm-none-eabi/lib/thumb/v7-m\libc_nano.a(lib_a-malloc.o) (_free_r)
c:/st/stm32cubeide_1.0.2/stm32cubeide/plugins/com.st.stm32cube.ide.mcu.externaltools.gnu-tools-for-stm32.7-2018-q2-update.win32_1.0.0.201904181610/tools/bin/../lib/gcc/arm-none-eabi/7.3.1/../../../../arm-none-eabi/lib/thumb/v7-m\libc_nano.a(lib_a-nano-mallocr.o)
                              c:/st/stm32cubeide_1.0.2/stm32cubeide/plugins/com.st.stm32cube.ide.mcu.externaltools.gnu-tools-for-stm32.7-2018-q2-update.win32_1.0.0.201904181610/tools/bin/../lib/gcc/arm-none-eabi/7.3.1/../../../../arm-none-eabi/lib/thumb/v7-m\libc_nano.a(lib_a-malloc.o) (_malloc_r)
c:/st/stm32cubeide_1.0.2/stm32cubeide/plugins/com.st.stm32cube.ide.mcu.externaltools.gnu-tools-for-stm32.7-2018-q2-update.win32_1.0.0.201904181610/tools/bin/../lib/gcc/arm-none-eabi/7.3.1/../../../../arm-none-eabi/lib/thumb/v7-m\libc_nano.a(lib_a-sbrkr.o)
[...]
Memory Configuration

Name             Origin             Length             Attributes
RAM              0x0000000020000000 0x000000000000c000 xrw
FLASH            0x0000000008000000 0x0000000000040000 xr
*default*        0x0000000000000000 0xffffffffffffffff

Linker script and memory map

LOAD c:/st/stm32cubeide_1.0.2/stm32cubeide/plugins/com.st.stm32cube.ide.mcu.externaltools.gnu-tools-for-stm32.7-2018-q2-update.win32_1.0.0.201904181610/tools/bin/../lib/gcc/arm-none-eabi/7.3.1/thumb/v7-m/crti.o
LOAD c:/st/stm32cubeide_1.0.2/stm32cubeide/plugins/com.st.stm32cube.ide.mcu.externaltools.gnu-tools-for-stm32.7-2018-q2-update.win32_1.0.0.201904181610/tools/bin/../lib/gcc/arm-none-eabi/7.3.1/thumb/v7-m/crtbegin.o
LOAD c:/st/stm32cubeide_1.0.2/stm32cubeide/plugins/com.st.stm32cube.ide.mcu.externaltools.gnu-tools-for-stm32.7-2018-q2-update.win32_1.0.0.201904181610/tools/bin/../lib/gcc/arm-none-eabi/7.3.1/../../../../arm-none-eabi/lib/thumb/v7-m/crt0.o
LOAD Drivers/STM32F1xx_HAL_Driver/Src/stm32f1xx_hal.o
LOAD Drivers/STM32F1xx_HAL_Driver/Src/stm32f1xx_hal_adc.o
LOAD Drivers/STM32F1xx_HAL_Driver/Src/stm32f1xx_hal_adc_ex.o
LOAD Drivers/STM32F1xx_HAL_Driver/Src/stm32f1xx_hal_cortex.o
LOAD Drivers/STM32F1xx_HAL_Driver/Src/stm32f1xx_hal_dma.o
LOAD Drivers/STM32F1xx_HAL_Driver/Src/stm32f1xx_hal_exti.o
LOAD Drivers/STM32F1xx_HAL_Driver/Src/stm32f1xx_hal_flash.o
LOAD Drivers/STM32F1xx_HAL_Driver/Src/stm32f1xx_hal_flash_ex.o
LOAD Drivers/STM32F1xx_HAL_Driver/Src/stm32f1xx_hal_gpio.o
LOAD Drivers/STM32F1xx_HAL_Driver/Src/stm32f1xx_hal_gpio_ex.o
LOAD Drivers/STM32F1xx_HAL_Driver/Src/stm32f1xx_hal_pwr.o
LOAD Drivers/STM32F1xx_HAL_Driver/Src/stm32f1xx_hal_rcc.o
LOAD Drivers/STM32F1xx_HAL_Driver/Src/stm32f1xx_hal_rcc_ex.o
LOAD Drivers/STM32F1xx_HAL_Driver/Src/stm32f1xx_hal_tim.o
LOAD Drivers/STM32F1xx_HAL_Driver/Src/stm32f1xx_hal_tim_ex.o
LOAD Drivers/STM32F1xx_HAL_Driver/Src/stm32f1xx_hal_uart.o
LOAD Src/adc.o
LOAD Src/gpio.o
LOAD Src/lcd.o
LOAD Src/main.o
LOAD Src/stm32f1xx_hal_msp.o
LOAD Src/stm32f1xx_it.o
LOAD Src/syscalls.o
LOAD Src/sysmem.o
LOAD Src/system_stm32f1xx.o
LOAD Src/usart.o
LOAD Startup/startup_stm32f103rctx.o
START GROUP
LOAD c:/st/stm32cubeide_1.0.2/stm32cubeide/plugins/com.st.stm32cube.ide.mcu.externaltools.gnu-tools-for-stm32.7-2018-q2-update.win32_1.0.0.201904181610/tools/bin/../lib/gcc/arm-none-eabi/7.3.1/../../../../arm-none-eabi/lib/thumb/v7-m\libc_nano.a
LOAD c:/st/stm32cubeide_1.0.2/stm32cubeide/plugins/com.st.stm32cube.ide.mcu.externaltools.gnu-tools-for-stm32.7-2018-q2-update.win32_1.0.0.201904181610/tools/bin/../lib/gcc/arm-none-eabi/7.3.1/../../../../arm-none-eabi/lib/thumb/v7-m\libm.a
END GROUP
START GROUP
LOAD c:/st/stm32cubeide_1.0.2/stm32cubeide/plugins/com.st.stm32cube.ide.mcu.externaltools.gnu-tools-for-stm32.7-2018-q2-update.win32_1.0.0.201904181610/tools/bin/../lib/gcc/arm-none-eabi/7.3.1/thumb/v7-m\libgcc.a
LOAD c:/st/stm32cubeide_1.0.2/stm32cubeide/plugins/com.st.stm32cube.ide.mcu.externaltools.gnu-tools-for-stm32.7-2018-q2-update.win32_1.0.0.201904181610/tools/bin/../lib/gcc/arm-none-eabi/7.3.1/../../../../arm-none-eabi/lib/thumb/v7-m\libc_nano.a
END GROUP
START GROUP
LOAD c:/st/stm32cubeide_1.0.2/stm32cubeide/plugins/com.st.stm32cube.ide.mcu.externaltools.gnu-tools-for-stm32.7-2018-q2-update.win32_1.0.0.201904181610/tools/bin/../lib/gcc/arm-none-eabi/7.3.1/thumb/v7-m\libgcc.a
LOAD c:/st/stm32cubeide_1.0.2/stm32cubeide/plugins/com.st.stm32cube.ide.mcu.externaltools.gnu-tools-for-stm32.7-2018-q2-update.win32_1.0.0.201904181610/tools/bin/../lib/gcc/arm-none-eabi/7.3.1/../../../../arm-none-eabi/lib/thumb/v7-m\libc_nano.a
LOAD c:/st/stm32cubeide_1.0.2/stm32cubeide/plugins/com.st.stm32cube.ide.mcu.externaltools.gnu-tools-for-stm32.7-2018-q2-update.win32_1.0.0.201904181610/tools/bin/../lib/gcc/arm-none-eabi/7.3.1/../../../../arm-none-eabi/lib/thumb/v7-m\libnosys.a
END GROUP
START GROUP
LOAD c:/st/stm32cubeide_1.0.2/stm32cubeide/plugins/com.st.stm32cube.ide.mcu.externaltools.gnu-tools-for-stm32.7-2018-q2-update.win32_1.0.0.201904181610/tools/bin/../lib/gcc/arm-none-eabi/7.3.1/thumb/v7-m\libgcc.a
LOAD c:/st/stm32cubeide_1.0.2/stm32cubeide/plugins/com.st.stm32cube.ide.mcu.externaltools.gnu-tools-for-stm32.7-2018-q2-update.win32_1.0.0.201904181610/tools/bin/../lib/gcc/arm-none-eabi/7.3.1/../../../../arm-none-eabi/lib/thumb/v7-m\libc_nano.a
LOAD c:/st/stm32cubeide_1.0.2/stm32cubeide/plugins/com.st.stm32cube.ide.mcu.externaltools.gnu-tools-for-stm32.7-2018-q2-update.win32_1.0.0.201904181610/tools/bin/../lib/gcc/arm-none-eabi/7.3.1/../../../../arm-none-eabi/lib/thumb/v7-m\libnosys.a
END GROUP
LOAD c:/st/stm32cubeide_1.0.2/stm32cubeide/plugins/com.st.stm32cube.ide.mcu.externaltools.gnu-tools-for-stm32.7-2018-q2-update.win32_1.0.0.201904181610/tools/bin/../lib/gcc/arm-none-eabi/7.3.1/thumb/v7-m/crtend.o
LOAD c:/st/stm32cubeide_1.0.2/stm32cubeide/plugins/com.st.stm32cube.ide.mcu.externaltools.gnu-tools-for-stm32.7-2018-q2-update.win32_1.0.0.201904181610/tools/bin/../lib/gcc/arm-none-eabi/7.3.1/thumb/v7-m/crtn.o
                0x000000002000c000                _estack = 0x2000c000
                0x0000000000000200                _Min_Heap_Size = 0x200
                0x0000000000000400                _Min_Stack_Size = 0x400

.isr_vector     0x0000000008000000      0x1e4
                0x0000000008000000                . = ALIGN (0x4)
 *(.isr_vector)
 .isr_vector    0x0000000008000000      0x1e4 Startup/startup_stm32f103rctx.o
                0x0000000008000000                g_pfnVectors
                0x00000000080001e4                . = ALIGN (0x4)

.text           0x00000000080001e8     0xaaa0
                0x00000000080001e8                . = ALIGN (0x4)
 *(.text)
 .text          0x00000000080001e8       0x40 c:/st/stm32cubeide_1.0.2/stm32cubeide/plugins/com.st.stm32cube.ide.mcu.externaltools.gnu-tools-for-stm32.7-2018-q2-update.win32_1.0.0.201904181610/tools/bin/../lib/gcc/arm-none-eabi/7.3.1/thumb/v7-m/crtbegin.o
 .text          0x0000000008000228      0x378 c:/st/stm32cubeide_1.0.2/stm32cubeide/plugins/com.st.stm32cube.ide.mcu.externaltools.gnu-tools-for-stm32.7-2018-q2-update.win32_1.0.0.201904181610/tools/bin/../lib/gcc/arm-none-eabi/7.3.1/thumb/v7-m\libgcc.a(_arm_addsubdf3.o)
                0x0000000008000228                __aeabi_drsub
                0x0000000008000230                __aeabi_dsub
                0x0000000008000230                __subdf3
                0x0000000008000234                __aeabi_dadd
                0x0000000008000234                __adddf3
                0x00000000080004ac                __floatunsidf
                0x00000000080004ac                __aeabi_ui2d
                0x00000000080004cc                __floatsidf
                0x00000000080004cc                __aeabi_i2d
                0x00000000080004f0                __aeabi_f2d
                0x00000000080004f0                __extendsfdf2
                0x0000000008000534                __floatundidf
                0x0000000008000534                __aeabi_ul2d
                0x0000000008000544                __floatdidf
                0x0000000008000544                __aeabi_l2d
 .text          0x00000000080005a0      0x424 c:/st/stm32cubeide_1.0.2/stm32cubeide/plugins/com.st.stm32cube.ide.mcu.externaltools.gnu-tools-for-stm32.7-2018-q2-update.win32_1.0.0.201904181610/tools/bin/../lib/gcc/arm-none-eabi/7.3.1/thumb/v7-m\libgcc.a(_arm_muldivdf3.o)
                0x00000000080005a0                __aeabi_dmul
                0x00000000080005a0                __muldf3
                0x00000000080007f4                __divdf3
                0x00000000080007f4                __aeabi_ddiv
 .text          0x00000000080009c4       0x40 c:/st/stm32cubeide_1.0.2/stm32cubeide/plugins/com.st.stm32cube.ide.mcu.externaltools.gnu-tools-for-stm32.7-2018-q2-update.win32_1.0.0.201904181610/tools/bin/../lib/gcc/arm-none-eabi/7.3.1/thumb/v7-m\libgcc.a(_arm_fixunsdfsi.o)
                0x00000000080009c4                __aeabi_d2uiz
                0x00000000080009c4                __fixunsdfsi
 *(.text*)
 .text.HAL_Init
                0x0000000008000a04       0x2c Drivers/STM32F1xx_HAL_Driver/Src/stm32f1xx_hal.o
                0x0000000008000a04                HAL_Init
 .text.HAL_InitTick
                0x0000000008000a30       0x60 Drivers/STM32F1xx_HAL_Driver/Src/stm32f1xx_hal.o
                0x0000000008000a30                HAL_InitTick
 .text.HAL_IncTick
                0x0000000008000a90       0x24 Drivers/STM32F1xx_HAL_Driver/Src/stm32f1xx_hal.o
                0x0000000008000a90                HAL_IncTick
 .text.HAL_GetTick
                0x0000000008000ab4       0x14 Drivers/STM32F1xx_HAL_Driver/Src/stm32f1xx_hal.o
                0x0000000008000ab4                HAL_GetTick
 .text.HAL_Delay
                0x0000000008000ac8       0x44 Drivers/STM32F1xx_HAL_Driver/Src/stm32f1xx_hal.o
                0x0000000008000ac8                HAL_Delay
 .text.HAL_ADC_Init
                0x0000000008000b0c      0x1d4 Drivers/STM32F1xx_HAL_Driver/Src/stm32f1xx_hal_adc.o
                0x0000000008000b0c                HAL_ADC_Init
 .text.HAL_ADC_Start
                0x0000000008000ce0      0x15c Drivers/STM32F1xx_HAL_Driver/Src/stm32f1xx_hal_adc.o
                0x0000000008000ce0                HAL_ADC_Start
 .text.HAL_ADC_PollForConversion
                0x0000000008000e3c      0x1f4 Drivers/STM32F1xx_HAL_Driver/Src/stm32f1xx_hal_adc.o
                0x0000000008000e3c                HAL_ADC_PollForConversion
 .text.HAL_ADC_GetValue
                0x0000000008001030       0x18 Drivers/STM32F1xx_HAL_Driver/Src/stm32f1xx_hal_adc.o
                0x0000000008001030                HAL_ADC_GetValue
 .text.HAL_ADC_ConfigChannel
                0x0000000008001048      0x1f0 Drivers/STM32F1xx_HAL_Driver/Src/stm32f1xx_hal_adc.o
                0x0000000008001048                HAL_ADC_ConfigChannel
 .text.ADC_Enable
                0x0000000008001238       0xa4 Drivers/STM32F1xx_HAL_Driver/Src/stm32f1xx_hal_adc.o
                0x0000000008001238                ADC_Enable
 .text.ADC_ConversionStop_Disable
                0x00000000080012dc       0x74 Drivers/STM32F1xx_HAL_Driver/Src/stm32f1xx_hal_adc.o
                0x00000000080012dc                ADC_ConversionStop_Disable
 .text.__NVIC_SetPriorityGrouping
                0x0000000008001350       0x48 Drivers/STM32F1xx_HAL_Driver/Src/stm32f1xx_hal_cortex.o
 .text.__NVIC_GetPriorityGrouping
                0x0000000008001398       0x1c Drivers/STM32F1xx_HAL_Driver/Src/stm32f1xx_hal_cortex.o
 .text.__NVIC_EnableIRQ
                0x00000000080013b4       0x38 Drivers/STM32F1xx_HAL_Driver/Src/stm32f1xx_hal_cortex.o
 .text.__NVIC_SetPriority
                0x00000000080013ec       0x54 Drivers/STM32F1xx_HAL_Driver/Src/stm32f1xx_hal_cortex.o
 .text.NVIC_EncodePriority
                0x0000000008001440       0x64 Drivers/STM32F1xx_HAL_Driver/Src/stm32f1xx_hal_cortex.o
 .text.SysTick_Config
                0x00000000080014a4       0x44 Drivers/STM32F1xx_HAL_Driver/Src/stm32f1xx_hal_cortex.o
 .text.HAL_NVIC_SetPriorityGrouping
                0x00000000080014e8       0x16 Drivers/STM32F1xx_HAL_Driver/Src/stm32f1xx_hal_cortex.o
                0x00000000080014e8                HAL_NVIC_SetPriorityGrouping
 .text.HAL_NVIC_SetPriority
                0x00000000080014fe       0x38 Drivers/STM32F1xx_HAL_Driver/Src/stm32f1xx_hal_cortex.o
                0x00000000080014fe                HAL_NVIC_SetPriority
 .text.HAL_NVIC_EnableIRQ
                0x0000000008001536       0x1c Drivers/STM32F1xx_HAL_Driver/Src/stm32f1xx_hal_cortex.o
                0x0000000008001536                HAL_NVIC_EnableIRQ
 .text.HAL_SYSTICK_Config
                0x0000000008001552       0x18 Drivers/STM32F1xx_HAL_Driver/Src/stm32f1xx_hal_cortex.o
                0x0000000008001552                HAL_SYSTICK_Config
 *fill*         0x000000000800156a        0x2 
 .text.HAL_DMA_Abort_IT
                0x000000000800156c      0x210 Drivers/STM32F1xx_HAL_Driver/Src/stm32f1xx_hal_dma.o
                0x000000000800156c                HAL_DMA_Abort_IT
 .text.HAL_GPIO_Init
                0x000000000800177c      0x2d4 Drivers/STM32F1xx_HAL_Driver/Src/stm32f1xx_hal_gpio.o
                0x000000000800177c                HAL_GPIO_Init
 .text.HAL_GPIO_WritePin
                0x0000000008001a50       0x30 Drivers/STM32F1xx_HAL_Driver/Src/stm32f1xx_hal_gpio.o
                0x0000000008001a50                HAL_GPIO_WritePin
 .text.HAL_GPIO_EXTI_IRQHandler
                0x0000000008001a80       0x30 Drivers/STM32F1xx_HAL_Driver/Src/stm32f1xx_hal_gpio.o
                0x0000000008001a80                HAL_GPIO_EXTI_IRQHandler
 .text.HAL_RCC_OscConfig
                0x0000000008001ab0      0x500 Drivers/STM32F1xx_HAL_Driver/Src/stm32f1xx_hal_rcc.o
                0x0000000008001ab0                HAL_RCC_OscConfig
 .text.HAL_RCC_ClockConfig
                0x0000000008001fb0      0x1d4 Drivers/STM32F1xx_HAL_Driver/Src/stm32f1xx_hal_rcc.o
                0x0000000008001fb0                HAL_RCC_ClockConfig
 .text.HAL_RCC_GetSysClockFreq
                0x0000000008002184       0xc4 Drivers/STM32F1xx_HAL_Driver/Src/stm32f1xx_hal_rcc.o
                0x0000000008002184                HAL_RCC_GetSysClockFreq
 .text.HAL_RCC_GetHCLKFreq
                0x0000000008002248       0x14 Drivers/STM32F1xx_HAL_Driver/Src/stm32f1xx_hal_rcc.o
                0x0000000008002248                HAL_RCC_GetHCLKFreq
 .text.HAL_RCC_GetPCLK1Freq
                0x000000000800225c       0x28 Drivers/STM32F1xx_HAL_Driver/Src/stm32f1xx_hal_rcc.o
                0x000000000800225c                HAL_RCC_GetPCLK1Freq
 .text.HAL_RCC_GetPCLK2Freq
                0x0000000008002284       0x28 Drivers/STM32F1xx_HAL_Driver/Src/stm32f1xx_hal_rcc.o
                0x0000000008002284                HAL_RCC_GetPCLK2Freq
 .text.RCC_Delay
                0x00000000080022ac       0x3c Drivers/STM32F1xx_HAL_Driver/Src/stm32f1xx_hal_rcc.o
 .text.HAL_RCCEx_PeriphCLKConfig
                0x00000000080022e8      0x16c Drivers/STM32F1xx_HAL_Driver/Src/stm32f1xx_hal_rcc_ex.o
                0x00000000080022e8                HAL_RCCEx_PeriphCLKConfig
 .text.HAL_RCCEx_GetPeriphCLKFreq
                0x0000000008002454      0x1d0 Drivers/STM32F1xx_HAL_Driver/Src/stm32f1xx_hal_rcc_ex.o
                0x0000000008002454                HAL_RCCEx_GetPeriphCLKFreq
 .text.HAL_UART_Init
                0x0000000008002624       0x9a Drivers/STM32F1xx_HAL_Driver/Src/stm32f1xx_hal_uart.o
                0x0000000008002624                HAL_UART_Init
 *fill*         0x00000000080026be        0x2 
 .text.HAL_UART_IRQHandler
                0x00000000080026c0      0x1f8 Drivers/STM32F1xx_HAL_Driver/Src/stm32f1xx_hal_uart.o
                0x00000000080026c0                HAL_UART_IRQHandler
 .text.HAL_UART_TxCpltCallback
                0x00000000080028b8       0x12 Drivers/STM32F1xx_HAL_Driver/Src/stm32f1xx_hal_uart.o
                0x00000000080028b8                HAL_UART_TxCpltCallback
 .text.HAL_UART_RxCpltCallback
                0x00000000080028ca       0x12 Drivers/STM32F1xx_HAL_Driver/Src/stm32f1xx_hal_uart.o
                0x00000000080028ca                HAL_UART_RxCpltCallback
 .text.HAL_UART_ErrorCallback
                0x00000000080028dc       0x12 Drivers/STM32F1xx_HAL_Driver/Src/stm32f1xx_hal_uart.o
                0x00000000080028dc                HAL_UART_ErrorCallback
 .text.UART_EndRxTransfer
                0x00000000080028ee       0x3a Drivers/STM32F1xx_HAL_Driver/Src/stm32f1xx_hal_uart.o
 .text.UART_DMAAbortOnError
                0x0000000008002928       0x28 Drivers/STM32F1xx_HAL_Driver/Src/stm32f1xx_hal_uart.o
 .text.UART_Transmit_IT
                0x0000000008002950       0xaa Drivers/STM32F1xx_HAL_Driver/Src/stm32f1xx_hal_uart.o
 .text.UART_EndTransmit_IT
                0x00000000080029fa       0x30 Drivers/STM32F1xx_HAL_Driver/Src/stm32f1xx_hal_uart.o
 .text.UART_Receive_IT
                0x0000000008002a2a      0x102 Drivers/STM32F1xx_HAL_Driver/Src/stm32f1xx_hal_uart.o
 .text.UART_SetConfig
                0x0000000008002b2c      0x1b4 Drivers/STM32F1xx_HAL_Driver/Src/stm32f1xx_hal_uart.o
 .text.MX_ADC1_Init
                0x0000000008002ce0       0x7c Src/adc.o
                0x0000000008002ce0                MX_ADC1_Init
 .text.HAL_ADC_MspInit
                0x0000000008002d5c       0x78 Src/adc.o
                0x0000000008002d5c                HAL_ADC_MspInit
 .text.MX_GPIO_Init
                0x0000000008002dd4      0x144 Src/gpio.o
                0x0000000008002dd4                MX_GPIO_Init
 .text.LCD_WR_REG
                0x0000000008002f18       0x48 Src/lcd.o
                0x0000000008002f18                LCD_WR_REG
 .text.LCD_WR_DATAX
                0x0000000008002f60       0x48 Src/lcd.o
                0x0000000008002f60                LCD_WR_DATAX
 .text.LCD_RD_DATA
                0x0000000008002fa8       0x88 Src/lcd.o
                0x0000000008002fa8                LCD_RD_DATA
 .text.LCD_WriteReg
                0x0000000008003030       0x54 Src/lcd.o
                0x0000000008003030                LCD_WriteReg
 .text.LCD_ReadReg
                0x0000000008003084       0x20 Src/lcd.o
                0x0000000008003084                LCD_ReadReg
 .text.LCD_WriteRAM_Prepare
                0x00000000080030a4       0x18 Src/lcd.o
                0x00000000080030a4                LCD_WriteRAM_Prepare
 .text.LCD_SetCursor
                0x00000000080030bc      0x598 Src/lcd.o
                0x00000000080030bc                LCD_SetCursor
 .text.LCD_Scan_Dir
                0x0000000008003654      0x624 Src/lcd.o
                0x0000000008003654                LCD_Scan_Dir
 .text.LCD_DrawPoint
                0x0000000008003c78       0x60 Src/lcd.o
                0x0000000008003c78                LCD_DrawPoint
 .text.LCD_Fast_DrawPoint
                0x0000000008003cd8      0x52c Src/lcd.o
                0x0000000008003cd8                LCD_Fast_DrawPoint
 *fill*         0x0000000008004204        0x4 
 .text.LCD_SSD_BackLightSet
                0x0000000008004208      0x148 Src/lcd.o
                0x0000000008004208                LCD_SSD_BackLightSet
 .text.LCD_Display_Dir
                0x0000000008004350      0x218 Src/lcd.o
                0x0000000008004350                LCD_Display_Dir
 .text.LCD_Init
                0x0000000008004568     0x3e5c Src/lcd.o
                0x0000000008004568                LCD_Init
 .text.LCD_Clear
                0x00000000080083c4       0xc4 Src/lcd.o
                0x00000000080083c4                LCD_Clear
 .text.LCD_Fill
                0x0000000008008488      0x118 Src/lcd.o
                0x0000000008008488                LCD_Fill
 .text.LCD_DrawLine
                0x00000000080085a0      0x106 Src/lcd.o
                0x00000000080085a0                LCD_DrawLine
 .text.LCD_DrawRectangle
                0x00000000080086a6       0x56 Src/lcd.o
                0x00000000080086a6                LCD_DrawRectangle
 .text.LCD_ShowChar
                0x00000000080086fc      0x15c Src/lcd.o
                0x00000000080086fc                LCD_ShowChar
 .text.LCD_Pow  0x0000000008008858       0x36 Src/lcd.o
                0x0000000008008858                LCD_Pow
 *fill*         0x000000000800888e        0x2 
 .text.LCD_ShowxNum
                0x0000000008008890      0x134 Src/lcd.o
                0x0000000008008890                LCD_ShowxNum
 .text.LCD_ShowString
                0x00000000080089c4       0x9c Src/lcd.o
                0x00000000080089c4                LCD_ShowString
 .text.DrawElements
                0x0000000008008a60       0x78 Src/main.o
                0x0000000008008a60                DrawElements
 .text.CreateSquare
                0x0000000008008ad8      0x25c Src/main.o
                0x0000000008008ad8                CreateSquare
 .text.Convert  0x0000000008008d34       0x4c Src/main.o
                0x0000000008008d34                Convert
 .text.BringNexttoBoard
                0x0000000008008d80       0x68 Src/main.o
                0x0000000008008d80                BringNexttoBoard
 .text.DrawNewBornBlock
                0x0000000008008de8      0x224 Src/main.o
                0x0000000008008de8                DrawNewBornBlock
 .text.DrawNextBlock
                0x000000000800900c      0x268 Src/main.o
                0x000000000800900c                DrawNextBlock
 .text.DrawBlocks
                0x0000000008009274      0x400 Src/main.o
                0x0000000008009274                DrawBlocks
 .text.Initial  0x0000000008009674       0x78 Src/main.o
                0x0000000008009674                Initial
 .text.CanSqureDown
                0x00000000080096ec       0x94 Src/main.o
                0x00000000080096ec                CanSqureDown
 .text.SqureDown
                0x0000000008009780       0xa0 Src/main.o
                0x0000000008009780                SqureDown
 .text.TurnDeath
                0x0000000008009820       0x74 Src/main.o
                0x0000000008009820                TurnDeath
 .text.CanShiftRight
                0x0000000008009894       0xa4 Src/main.o
                0x0000000008009894                CanShiftRight
 .text.ShiftRight
                0x0000000008009938       0xb0 Src/main.o
                0x0000000008009938                ShiftRight
 .text.CanShiftLeft
                0x00000000080099e8       0xa4 Src/main.o
                0x00000000080099e8                CanShiftLeft
 .text.ShiftLeft
                0x0000000008009a8c       0xb0 Src/main.o
                0x0000000008009a8c                ShiftLeft
 .text.NormalShapeVerify
                0x0000000008009b3c       0x9c Src/main.o
                0x0000000008009b3c                NormalShapeVerify
 .text.NormalShapChange
                0x0000000008009bd8      0x264 Src/main.o
                0x0000000008009bd8                NormalShapChange
 .text.LongShapeVerify
                0x0000000008009e3c       0xcc Src/main.o
                0x0000000008009e3c                LongShapeVerify
 .text.LongShapeChange
                0x0000000008009f08      0x1fc Src/main.o
                0x0000000008009f08                LongShapeChange
 .text.ChangeVerify
                0x000000000800a104       0x4c Src/main.o
                0x000000000800a104                ChangeVerify
 .text.HAL_GPIO_EXTI_Callback
                0x000000000800a150       0x4e Src/main.o
                0x000000000800a150                HAL_GPIO_EXTI_Callback
 *fill*         0x000000000800a19e        0x2 
 .text.ChangeSpeed
                0x000000000800a1a0       0x40 Src/main.o
                0x000000000800a1a0                ChangeSpeed
 .text.EliminateLine
                0x000000000800a1e0      0x198 Src/main.o
                0x000000000800a1e0                EliminateLine
 .text.isGameOver
                0x000000000800a378       0x3c Src/main.o
                0x000000000800a378                isGameOver
 .text.Bomb     0x000000000800a3b4      0x1c4 Src/main.o
                0x000000000800a3b4                Bomb
 .text.main     0x000000000800a578      0x130 Src/main.o
                0x000000000800a578                main
 .text.SystemClock_Config
                0x000000000800a6a8       0xba Src/main.o
                0x000000000800a6a8                SystemClock_Config
 .text.Error_Handler
                0x000000000800a762        0xc Src/main.o
                0x000000000800a762                Error_Handler
 *fill*         0x000000000800a76e        0x2 
 .text.HAL_MspInit
                0x000000000800a770       0x68 Src/stm32f1xx_hal_msp.o
                0x000000000800a770                HAL_MspInit
 .text.NMI_Handler
                0x000000000800a7d8        0xc Src/stm32f1xx_it.o
                0x000000000800a7d8                NMI_Handler
 .text.HardFault_Handler
                0x000000000800a7e4        0x6 Src/stm32f1xx_it.o
                0x000000000800a7e4                HardFault_Handler
 .text.MemManage_Handler
                0x000000000800a7ea        0x6 Src/stm32f1xx_it.o
                0x000000000800a7ea                MemManage_Handler
 .text.BusFault_Handler
                0x000000000800a7f0        0x6 Src/stm32f1xx_it.o
                0x000000000800a7f0                BusFault_Handler
 .text.UsageFault_Handler
                0x000000000800a7f6        0x6 Src/stm32f1xx_it.o
                0x000000000800a7f6                UsageFault_Handler
 .text.SVC_Handler
                0x000000000800a7fc        0xc Src/stm32f1xx_it.o
                0x000000000800a7fc                SVC_Handler
 .text.DebugMon_Handler
                0x000000000800a808        0xc Src/stm32f1xx_it.o
                0x000000000800a808                DebugMon_Handler
 .text.PendSV_Handler
                0x000000000800a814        0xc Src/stm32f1xx_it.o
                0x000000000800a814                PendSV_Handler
 .text.SysTick_Handler
                0x000000000800a820        0xc Src/stm32f1xx_it.o
                0x000000000800a820                SysTick_Handler
 .text.EXTI0_IRQHandler
                0x000000000800a82c        0xe Src/stm32f1xx_it.o
                0x000000000800a82c                EXTI0_IRQHandler
 .text.EXTI9_5_IRQHandler
                0x000000000800a83a        0xe Src/stm32f1xx_it.o
                0x000000000800a83a                EXTI9_5_IRQHandler
 .text.USART1_IRQHandler
                0x000000000800a848       0x14 Src/stm32f1xx_it.o
                0x000000000800a848                USART1_IRQHandler
 .text.EXTI15_10_IRQHandler
                0x000000000800a85c       0x10 Src/stm32f1xx_it.o
                0x000000000800a85c                EXTI15_10_IRQHandler
 .text._sbrk    0x000000000800a86c       0x58 Src/sysmem.o
                0x000000000800a86c                _sbrk
 .text.SystemInit
                0x000000000800a8c4       0x68 Src/system_stm32f1xx.o
                0x000000000800a8c4                SystemInit
 .text.MX_USART1_UART_Init
                0x000000000800a92c       0x54 Src/usart.o
                0x000000000800a92c                MX_USART1_UART_Init
 .text.HAL_UART_MspInit
                0x000000000800a980       0xa8 Src/usart.o
                0x000000000800a980                HAL_UART_MspInit
 .text.Reset_Handler
                0x000000000800aa28       0x48 Startup/startup_stm32f103rctx.o
                0x000000000800aa28                Reset_Handler
 .text.Default_Handler
                0x000000000800aa70        0x2 Startup/startup_stm32f103rctx.o
                0x000000000800aa70                RTC_Alarm_IRQHandler
                0x000000000800aa70                EXTI2_IRQHandler
                0x000000000800aa70                TIM8_TRG_COM_IRQHandler
                0x000000000800aa70                TIM8_CC_IRQHandler
                0x000000000800aa70                TIM1_CC_IRQHandler
                0x000000000800aa70                TIM6_IRQHandler
                0x000000000800aa70                PVD_IRQHandler
                0x000000000800aa70                SDIO_IRQHandler
                0x000000000800aa70                EXTI3_IRQHandler
                0x000000000800aa70                I2C2_EV_IRQHandler
                0x000000000800aa70                ADC1_2_IRQHandler
                0x000000000800aa70                SPI1_IRQHandler
                0x000000000800aa70                TAMPER_IRQHandler
                0x000000000800aa70                TIM8_UP_IRQHandler
                0x000000000800aa70                DMA2_Channel2_IRQHandler
                0x000000000800aa70                DMA1_Channel4_IRQHandler
                0x000000000800aa70                USART3_IRQHandler
                0x000000000800aa70                RTC_IRQHandler
                0x000000000800aa70                DMA1_Channel7_IRQHandler
                0x000000000800aa70                CAN1_RX1_IRQHandler
                0x000000000800aa70                UART5_IRQHandler
                0x000000000800aa70                ADC3_IRQHandler
                0x000000000800aa70                TIM4_IRQHandler
                0x000000000800aa70                DMA2_Channel1_IRQHandler
                0x000000000800aa70                I2C1_EV_IRQHandler
                0x000000000800aa70                DMA1_Channel6_IRQHandler
                0x000000000800aa70                UART4_IRQHandler
                0x000000000800aa70                TIM3_IRQHandler
                0x000000000800aa70                RCC_IRQHandler
                0x000000000800aa70                TIM1_TRG_COM_IRQHandler
                0x000000000800aa70                DMA1_Channel1_IRQHandler
                0x000000000800aa70                Default_Handler
                0x000000000800aa70                TIM7_IRQHandler
                0x000000000800aa70                TIM5_IRQHandler
                0x000000000800aa70                SPI2_IRQHandler
                0x000000000800aa70                DMA1_Channel5_IRQHandler
                0x000000000800aa70                EXTI4_IRQHandler
                0x000000000800aa70                USB_LP_CAN1_RX0_IRQHandler
                0x000000000800aa70                USB_HP_CAN1_TX_IRQHandler
                0x000000000800aa70                DMA1_Channel3_IRQHandler
                0x000000000800aa70                FSMC_IRQHandler
                0x000000000800aa70                TIM1_UP_IRQHandler
                0x000000000800aa70                WWDG_IRQHandler
                0x000000000800aa70                TIM2_IRQHandler
                0x000000000800aa70                TIM1_BRK_IRQHandler
                0x000000000800aa70                EXTI1_IRQHandler
                0x000000000800aa70                DMA2_Channel4_5_IRQHandler
                0x000000000800aa70                USART2_IRQHandler
                0x000000000800aa70                I2C2_ER_IRQHandler
                0x000000000800aa70                DMA1_Channel2_IRQHandler
                0x000000000800aa70                TIM8_BRK_IRQHandler
                0x000000000800aa70                CAN1_SCE_IRQHandler
                0x000000000800aa70                FLASH_IRQHandler
                0x000000000800aa70                SPI3_IRQHandler
                0x000000000800aa70                I2C1_ER_IRQHandler
                0x000000000800aa70                USBWakeUp_IRQHandler
                0x000000000800aa70                DMA2_Channel3_IRQHandler
 *fill*         0x000000000800aa72        0x2 
 .text.__errno  0x000000000800aa74        0xc c:/st/stm32cubeide_1.0.2/stm32cubeide/plugins/com.st.stm32cube.ide.mcu.externaltools.gnu-tools-for-stm32.7-2018-q2-update.win32_1.0.0.201904181610/tools/bin/../lib/gcc/arm-none-eabi/7.3.1/../../../../arm-none-eabi/lib/thumb/v7-m\libc_nano.a(lib_a-errno.o)
                0x000000000800aa74                __errno
 .text.__libc_init_array
                0x000000000800aa80       0x48 c:/st/stm32cubeide_1.0.2/stm32cubeide/plugins/com.st.stm32cube.ide.mcu.externaltools.gnu-tools-for-stm32.7-2018-q2-update.win32_1.0.0.201904181610/tools/bin/../lib/gcc/arm-none-eabi/7.3.1/../../../../arm-none-eabi/lib/thumb/v7-m\libc_nano.a(lib_a-init.o)
                0x000000000800aa80                __libc_init_array
 .text.memset   0x000000000800aac8       0x10 c:/st/stm32cubeide_1.0.2/stm32cubeide/plugins/com.st.stm32cube.ide.mcu.externaltools.gnu-tools-for-stm32.7-2018-q2-update.win32_1.0.0.201904181610/tools/bin/../lib/gcc/arm-none-eabi/7.3.1/../../../../arm-none-eabi/lib/thumb/v7-m\libc_nano.a(lib_a-memset.o)
                0x000000000800aac8                memset
 .text.srand    0x000000000800aad8       0x48 c:/st/stm32cubeide_1.0.2/stm32cubeide/plugins/com.st.stm32cube.ide.mcu.externaltools.gnu-tools-for-stm32.7-2018-q2-update.win32_1.0.0.201904181610/tools/bin/../lib/gcc/arm-none-eabi/7.3.1/../../../../arm-none-eabi/lib/thumb/v7-m\libc_nano.a(lib_a-rand.o)
                0x000000000800aad8                srand
 .text.rand     0x000000000800ab20       0x68 c:/st/stm32cubeide_1.0.2/stm32cubeide/plugins/com.st.stm32cube.ide.mcu.externaltools.gnu-tools-for-stm32.7-2018-q2-update.win32_1.0.0.201904181610/tools/bin/../lib/gcc/arm-none-eabi/7.3.1/../../../../arm-none-eabi/lib/thumb/v7-m\libc_nano.a(lib_a-rand.o)
                0x000000000800ab20                rand
 .text.malloc   0x000000000800ab88       0x10 c:/st/stm32cubeide_1.0.2/stm32cubeide/plugins/com.st.stm32cube.ide.mcu.externaltools.gnu-tools-for-stm32.7-2018-q2-update.win32_1.0.0.201904181610/tools/bin/../lib/gcc/arm-none-eabi/7.3.1/../../../../arm-none-eabi/lib/thumb/v7-m\libc_nano.a(lib_a-malloc.o)
                0x000000000800ab88                malloc
 .text._malloc_r
                0x000000000800ab98       0xb4 c:/st/stm32cubeide_1.0.2/stm32cubeide/plugins/com.st.stm32cube.ide.mcu.externaltools.gnu-tools-for-stm32.7-2018-q2-update.win32_1.0.0.201904181610/tools/bin/../lib/gcc/arm-none-eabi/7.3.1/../../../../arm-none-eabi/lib/thumb/v7-m\libc_nano.a(lib_a-nano-mallocr.o)
                0x000000000800ab98                _malloc_r
 .text._sbrk_r  0x000000000800ac4c       0x20 c:/st/stm32cubeide_1.0.2/stm32cubeide/plugins/com.st.stm32cube.ide.mcu.externaltools.gnu-tools-for-stm32.7-2018-q2-update.win32_1.0.0.201904181610/tools/bin/../lib/gcc/arm-none-eabi/7.3.1/../../../../arm-none-eabi/lib/thumb/v7-m\libc_nano.a(lib_a-sbrkr.o)
                0x000000000800ac4c                _sbrk_r
 .text.__malloc_lock
                0x000000000800ac6c        0x2 c:/st/stm32cubeide_1.0.2/stm32cubeide/plugins/com.st.stm32cube.ide.mcu.externaltools.gnu-tools-for-stm32.7-2018-q2-update.win32_1.0.0.201904181610/tools/bin/../lib/gcc/arm-none-eabi/7.3.1/../../../../arm-none-eabi/lib/thumb/v7-m\libc_nano.a(lib_a-mlock.o)
                0x000000000800ac6c                __malloc_lock
 .text.__malloc_unlock
                0x000000000800ac6e        0x2 c:/st/stm32cubeide_1.0.2/stm32cubeide/plugins/com.st.stm32cube.ide.mcu.externaltools.gnu-tools-for-stm32.7-2018-q2-update.win32_1.0.0.201904181610/tools/bin/../lib/gcc/arm-none-eabi/7.3.1/../../../../arm-none-eabi/lib/thumb/v7-m\libc_nano.a(lib_a-mlock.o)
                0x000000000800ac6e                __malloc_unlock
 *(.glue_7)
 .glue_7        0x000000000800ac70        0x0 linker stubs
 *(.glue_7t)
 .glue_7t       0x000000000800ac70        0x0 linker stubs
 *(.eh_frame)
 .eh_frame      0x000000000800ac70        0x0 c:/st/stm32cubeide_1.0.2/stm32cubeide/plugins/com.st.stm32cube.ide.mcu.externaltools.gnu-tools-for-stm32.7-2018-q2-update.win32_1.0.0.201904181610/tools/bin/../lib/gcc/arm-none-eabi/7.3.1/thumb/v7-m/crtbegin.o
 *(.init)
 .init          0x000000000800ac70        0x4 c:/st/stm32cubeide_1.0.2/stm32cubeide/plugins/com.st.stm32cube.ide.mcu.externaltools.gnu-tools-for-stm32.7-2018-q2-update.win32_1.0.0.201904181610/tools/bin/../lib/gcc/arm-none-eabi/7.3.1/thumb/v7-m/crti.o
                0x000000000800ac70                _init
 .init          0x000000000800ac74        0x8 c:/st/stm32cubeide_1.0.2/stm32cubeide/plugins/com.st.stm32cube.ide.mcu.externaltools.gnu-tools-for-stm32.7-2018-q2-update.win32_1.0.0.201904181610/tools/bin/../lib/gcc/arm-none-eabi/7.3.1/thumb/v7-m/crtn.o
 *(.fini)
 .fini          0x000000000800ac7c        0x4 c:/st/stm32cubeide_1.0.2/stm32cubeide/plugins/com.st.stm32cube.ide.mcu.externaltools.gnu-tools-for-stm32.7-2018-q2-update.win32_1.0.0.201904181610/tools/bin/../lib/gcc/arm-none-eabi/7.3.1/thumb/v7-m/crti.o
                0x000000000800ac7c                _fini
 .fini          0x000000000800ac80        0x8 c:/st/stm32cubeide_1.0.2/stm32cubeide/plugins/com.st.stm32cube.ide.mcu.externaltools.gnu-tools-for-stm32.7-2018-q2-update.win32_1.0.0.201904181610/tools/bin/../lib/gcc/arm-none-eabi/7.3.1/thumb/v7-m/crtn.o
                0x000000000800ac88                . = ALIGN (0x4)
                0x000000000800ac88                _etext = .

.vfp11_veneer   0x000000000800ac88        0x0
 .vfp11_veneer  0x000000000800ac88        0x0 linker stubs

.v4_bx          0x000000000800ac88        0x0
 .v4_bx         0x000000000800ac88        0x0 linker stubs

.iplt           0x000000000800ac88        0x0
 .iplt          0x000000000800ac88        0x0 c:/st/stm32cubeide_1.0.2/stm32cubeide/plugins/com.st.stm32cube.ide.mcu.externaltools.gnu-tools-for-stm32.7-2018-q2-update.win32_1.0.0.201904181610/tools/bin/../lib/gcc/arm-none-eabi/7.3.1/thumb/v7-m/crtbegin.o

.rodata         0x000000000800ac88     0x1844
                0x000000000800ac88                . = ALIGN (0x4)
 *(.rodata)
 .rodata        0x000000000800ac88       0x12 Drivers/STM32F1xx_HAL_Driver/Src/stm32f1xx_hal_rcc.o
 *fill*         0x000000000800ac9a        0x2 
 .rodata        0x000000000800ac9c       0x12 Drivers/STM32F1xx_HAL_Driver/Src/stm32f1xx_hal_rcc_ex.o
 *fill*         0x000000000800acae        0x2 
 .rodata        0x000000000800acb0       0x41 Src/main.o
 *(.rodata*)
 *fill*         0x000000000800acf1        0x3 
 .rodata.asc2_1206
                0x000000000800acf4      0x474 Src/lcd.o
                0x000000000800acf4                asc2_1206
 .rodata.asc2_1608
                0x000000000800b168      0x5f0 Src/lcd.o
                0x000000000800b168                asc2_1608
 .rodata.asc2_2412
                0x000000000800b758      0xd5c Src/lcd.o
                0x000000000800b758                asc2_2412
 .rodata.AHBPrescTable
                0x000000000800c4b4       0x10 Src/system_stm32f1xx.o
                0x000000000800c4b4                AHBPrescTable
 .rodata.APBPrescTable
                0x000000000800c4c4        0x8 Src/system_stm32f1xx.o
                0x000000000800c4c4                APBPrescTable
                0x000000000800c4cc                . = ALIGN (0x4)

.rel.dyn        0x000000000800c4cc        0x0
 .rel.iplt      0x000000000800c4cc        0x0 c:/st/stm32cubeide_1.0.2/stm32cubeide/plugins/com.st.stm32cube.ide.mcu.externaltools.gnu-tools-for-stm32.7-2018-q2-update.win32_1.0.0.201904181610/tools/bin/../lib/gcc/arm-none-eabi/7.3.1/thumb/v7-m/crtbegin.o

.ARM.extab      0x000000000800c4cc        0x0
                0x000000000800c4cc                . = ALIGN (0x4)
 *(.ARM.extab* .gnu.linkonce.armextab.*)
                0x000000000800c4cc                . = ALIGN (0x4)

.ARM            0x000000000800c4cc        0x0
                0x000000000800c4cc                . = ALIGN (0x4)
                0x000000000800c4cc                __exidx_start = .
 *(.ARM.exidx*)
                0x000000000800c4cc                __exidx_end = .
                0x000000000800c4cc                . = ALIGN (0x4)

.preinit_array  0x000000000800c4cc        0x0
                0x000000000800c4cc                . = ALIGN (0x4)
                0x000000000800c4cc                PROVIDE (__preinit_array_start = .)
 *(.preinit_array*)
                0x000000000800c4cc                PROVIDE (__preinit_array_end = .)
                0x000000000800c4cc                . = ALIGN (0x4)

.init_array     0x000000000800c4cc        0x4
                0x000000000800c4cc                . = ALIGN (0x4)
                0x000000000800c4cc                PROVIDE (__init_array_start = .)
 *(SORT_BY_NAME(.init_array.*))
 *(.init_array*)
 .init_array    0x000000000800c4cc        0x4 c:/st/stm32cubeide_1.0.2/stm32cubeide/plugins/com.st.stm32cube.ide.mcu.externaltools.gnu-tools-for-stm32.7-2018-q2-update.win32_1.0.0.201904181610/tools/bin/../lib/gcc/arm-none-eabi/7.3.1/thumb/v7-m/crtbegin.o
                0x000000000800c4d0                PROVIDE (__init_array_end = .)
                0x000000000800c4d0                . = ALIGN (0x4)

.fini_array     0x000000000800c4d0        0x4
                0x000000000800c4d0                . = ALIGN (0x4)
                [!provide]                        PROVIDE (__fini_array_start = .)
 *(SORT_BY_NAME(.fini_array.*))
 *(.fini_array*)
 .fini_array    0x000000000800c4d0        0x4 c:/st/stm32cubeide_1.0.2/stm32cubeide/plugins/com.st.stm32cube.ide.mcu.externaltools.gnu-tools-for-stm32.7-2018-q2-update.win32_1.0.0.201904181610/tools/bin/../lib/gcc/arm-none-eabi/7.3.1/thumb/v7-m/crtbegin.o
                [!provide]                        PROVIDE (__fini_array_end = .)
                0x000000000800c4d4                . = ALIGN (0x4)
                0x000000000800c4d4                _sidata = LOADADDR (.data)

.data           0x0000000020000000       0x98 load address 0x000000000800c4d4
                0x0000000020000000                . = ALIGN (0x4)
                0x0000000020000000                _sdata = .
 *(.data)
 *(.data*)
 .data.uwTickPrio
                0x0000000020000000        0x4 Drivers/STM32F1xx_HAL_Driver/Src/stm32f1xx_hal.o
                0x0000000020000000                uwTickPrio
 .data.uwTickFreq
                0x0000000020000004        0x1 Drivers/STM32F1xx_HAL_Driver/Src/stm32f1xx_hal.o
                0x0000000020000004                uwTickFreq
 *fill*         0x0000000020000005        0x1 
 .data.BACK_COLOR
                0x0000000020000006        0x2 Src/lcd.o
                0x0000000020000006                BACK_COLOR
 .data.cell_size
                0x0000000020000008        0x4 Src/main.o
                0x0000000020000008                cell_size
 .data.delaytime
                0x000000002000000c        0x4 Src/main.o
                0x000000002000000c                delaytime
 .data.id       0x0000000020000010        0xc Src/main.o
                0x0000000020000010                id
 .data.colortable
                0x000000002000001c       0x14 Src/main.o
                0x000000002000001c                colortable
 .data.SystemCoreClock
                0x0000000020000030        0x4 Src/system_stm32f1xx.o
                0x0000000020000030                SystemCoreClock
 .data._impure_ptr
                0x0000000020000034        0x4 c:/st/stm32cubeide_1.0.2/stm32cubeide/plugins/com.st.stm32cube.ide.mcu.externaltools.gnu-tools-for-stm32.7-2018-q2-update.win32_1.0.0.201904181610/tools/bin/../lib/gcc/arm-none-eabi/7.3.1/../../../../arm-none-eabi/lib/thumb/v7-m\libc_nano.a(lib_a-impure.o)
                0x0000000020000034                _impure_ptr
 .data.impure_data
                0x0000000020000038       0x60 c:/st/stm32cubeide_1.0.2/stm32cubeide/plugins/com.st.stm32cube.ide.mcu.externaltools.gnu-tools-for-stm32.7-2018-q2-update.win32_1.0.0.201904181610/tools/bin/../lib/gcc/arm-none-eabi/7.3.1/../../../../arm-none-eabi/lib/thumb/v7-m\libc_nano.a(lib_a-impure.o)
                0x0000000020000098                . = ALIGN (0x4)
                0x0000000020000098                _edata = .

.igot.plt       0x0000000020000098        0x0 load address 0x000000000800c56c
 .igot.plt      0x0000000020000098        0x0 c:/st/stm32cubeide_1.0.2/stm32cubeide/plugins/com.st.stm32cube.ide.mcu.externaltools.gnu-tools-for-stm32.7-2018-q2-update.win32_1.0.0.201904181610/tools/bin/../lib/gcc/arm-none-eabi/7.3.1/thumb/v7-m/crtbegin.o
                0x0000000020000098                . = ALIGN (0x4)

.bss            0x0000000020000098      0x450 load address 0x000000000800c56c
                0x0000000020000098                _sbss = .
                0x0000000020000098                __bss_start__ = _sbss
 *(.bss)
 .bss           0x0000000020000098       0x1c c:/st/stm32cubeide_1.0.2/stm32cubeide/plugins/com.st.stm32cube.ide.mcu.externaltools.gnu-tools-for-stm32.7-2018-q2-update.win32_1.0.0.201904181610/tools/bin/../lib/gcc/arm-none-eabi/7.3.1/thumb/v7-m/crtbegin.o
 *(.bss*)
 .bss.POINT_COLOR
                0x00000000200000b4        0x2 Src/lcd.o
                0x00000000200000b4                POINT_COLOR
 *fill*         0x00000000200000b6        0x2 
 .bss.board     0x00000000200000b8      0x320 Src/main.o
                0x00000000200000b8                board
 .bss.square    0x00000000200003d8       0x20 Src/main.o
                0x00000000200003d8                square
 .bss.nextSquare
                0x00000000200003f8       0x20 Src/main.o
                0x00000000200003f8                nextSquare
 .bss.score     0x0000000020000418        0x4 Src/main.o
                0x0000000020000418                score
 .bss.cp_row    0x000000002000041c        0x4 Src/main.o
                0x000000002000041c                cp_row
 .bss.cp_column
                0x0000000020000420        0x4 Src/main.o
                0x0000000020000420                cp_column
 .bss.cp_list   0x0000000020000424       0x10 Src/main.o
                0x0000000020000424                cp_list
 .bss.last_position
                0x0000000020000434       0x20 Src/main.o
                0x0000000020000434                last_position
 .bss.heap_end.5149
                0x0000000020000454        0x4 Src/sysmem.o
 .bss.__malloc_free_list
                0x0000000020000458        0x4 c:/st/stm32cubeide_1.0.2/stm32cubeide/plugins/com.st.stm32cube.ide.mcu.externaltools.gnu-tools-for-stm32.7-2018-q2-update.win32_1.0.0.201904181610/tools/bin/../lib/gcc/arm-none-eabi/7.3.1/../../../../arm-none-eabi/lib/thumb/v7-m\libc_nano.a(lib_a-nano-mallocr.o)
                0x0000000020000458                __malloc_free_list
 .bss.__malloc_sbrk_start
                0x000000002000045c        0x4 c:/st/stm32cubeide_1.0.2/stm32cubeide/plugins/com.st.stm32cube.ide.mcu.externaltools.gnu-tools-for-stm32.7-2018-q2-update.win32_1.0.0.201904181610/tools/bin/../lib/gcc/arm-none-eabi/7.3.1/../../../../arm-none-eabi/lib/thumb/v7-m\libc_nano.a(lib_a-nano-mallocr.o)
                0x000000002000045c                __malloc_sbrk_start
 *(COMMON)
 COMMON         0x0000000020000460        0x4 Drivers/STM32F1xx_HAL_Driver/Src/stm32f1xx_hal.o
                0x0000000020000460                uwTick
 COMMON         0x0000000020000464       0x30 Src/adc.o
                0x0000000020000464                hadc1
 COMMON         0x0000000020000494        0xe Src/lcd.o
                0x0000000020000494                lcddev
 *fill*         0x00000000200004a2        0x2 
 COMMON         0x00000000200004a4       0x40 Src/usart.o
                0x00000000200004a4                huart1
 COMMON         0x00000000200004e4        0x4 c:/st/stm32cubeide_1.0.2/stm32cubeide/plugins/com.st.stm32cube.ide.mcu.externaltools.gnu-tools-for-stm32.7-2018-q2-update.win32_1.0.0.201904181610/tools/bin/../lib/gcc/arm-none-eabi/7.3.1/../../../../arm-none-eabi/lib/thumb/v7-m\libc_nano.a(lib_a-reent.o)
                0x00000000200004e4                errno
                0x00000000200004e8                . = ALIGN (0x4)
                0x00000000200004e8                _ebss = .
                0x00000000200004e8                __bss_end__ = _ebss

._user_heap_stack
                0x00000000200004e8      0x600 load address 0x000000000800c56c
                0x00000000200004e8                . = ALIGN (0x8)
                0x00000000200004e8                PROVIDE (end = .)
                [!provide]                        PROVIDE (_end = .)
                0x00000000200006e8                . = (. + _Min_Heap_Size)
 *fill*         0x00000000200004e8      0x200 
                0x0000000020000ae8                . = (. + _Min_Stack_Size)
 *fill*         0x00000000200006e8      0x400 
                0x0000000020000ae8                . = ALIGN (0x8)

/DISCARD/
 libc.a(*)
 libm.a(*)
 libgcc.a(*)

.ARM.attributes
                0x0000000000000000       0x29
 *(.ARM.attributes)
 .ARM.attributes
                0x0000000000000000       0x1d c:/st/stm32cubeide_1.0.2/stm32cubeide/plugins/com.st.stm32cube.ide.mcu.externaltools.gnu-tools-for-stm32.7-2018-q2-update.win32_1.0.0.201904181610/tools/bin/../lib/gcc/arm-none-eabi/7.3.1/thumb/v7-m/crti.o
 .ARM.attributes
                0x000000000000001d       0x2d c:/st/stm32cubeide_1.0.2/stm32cubeide/plugins/com.st.stm32cube.ide.mcu.externaltools.gnu-tools-for-stm32.7-2018-q2-update.win32_1.0.0.201904181610/tools/bin/../lib/gcc/arm-none-eabi/7.3.1/thumb/v7-m/crtbegin.o
 .ARM.attributes
                0x000000000000004a       0x33 Drivers/STM32F1xx_HAL_Driver/Src/stm32f1xx_hal.o
 .ARM.attributes
                0x000000000000007d       0x33 Drivers/STM32F1xx_HAL_Driver/Src/stm32f1xx_hal_adc.o
 .ARM.attributes
                0x00000000000000b0       0x33 Drivers/STM32F1xx_HAL_Driver/Src/stm32f1xx_hal_cortex.o
 .ARM.attributes
                0x00000000000000e3       0x33 Drivers/STM32F1xx_HAL_Driver/Src/stm32f1xx_hal_dma.o
 .ARM.attributes
                0x0000000000000116       0x33 Drivers/STM32F1xx_HAL_Driver/Src/stm32f1xx_hal_gpio.o
 .ARM.attributes
                0x0000000000000149       0x33 Drivers/STM32F1xx_HAL_Driver/Src/stm32f1xx_hal_rcc.o
 .ARM.attributes
                0x000000000000017c       0x33 Drivers/STM32F1xx_HAL_Driver/Src/stm32f1xx_hal_rcc_ex.o
 .ARM.attributes
                0x00000000000001af       0x33 Drivers/STM32F1xx_HAL_Driver/Src/stm32f1xx_hal_uart.o
 .ARM.attributes
                0x00000000000001e2       0x33 Src/adc.o
 .ARM.attributes
                0x0000000000000215       0x33 Src/gpio.o
 .ARM.attributes
                0x0000000000000248       0x33 Src/lcd.o
 .ARM.attributes
                0x000000000000027b       0x33 Src/main.o
 .ARM.attributes
                0x00000000000002ae       0x33 Src/stm32f1xx_hal_msp.o
 .ARM.attributes
                0x00000000000002e1       0x33 Src/stm32f1xx_it.o
 .ARM.attributes
                0x0000000000000314       0x33 Src/sysmem.o
 .ARM.attributes
                0x0000000000000347       0x33 Src/system_stm32f1xx.o
 .ARM.attributes
                0x000000000000037a       0x33 Src/usart.o
 .ARM.attributes
                0x00000000000003ad       0x21 Startup/startup_stm32f103rctx.o
 .ARM.attributes
                0x00000000000003ce       0x2d c:/st/stm32cubeide_1.0.2/stm32cubeide/plugins/com.st.stm32cube.ide.mcu.externaltools.gnu-tools-for-stm32.7-2018-q2-update.win32_1.0.0.201904181610/tools/bin/../lib/gcc/arm-none-eabi/7.3.1/../../../../arm-none-eabi/lib/thumb/v7-m\libc_nano.a(lib_a-errno.o)
 .ARM.attributes
                0x00000000000003fb       0x2d c:/st/stm32cubeide_1.0.2/stm32cubeide/plugins/com.st.stm32cube.ide.mcu.externaltools.gnu-tools-for-stm32.7-2018-q2-update.win32_1.0.0.201904181610/tools/bin/../lib/gcc/arm-none-eabi/7.3.1/../../../../arm-none-eabi/lib/thumb/v7-m\libc_nano.a(lib_a-impure.o)
 .ARM.attributes
                0x0000000000000428       0x2d c:/st/stm32cubeide_1.0.2/stm32cubeide/plugins/com.st.stm32cube.ide.mcu.externaltools.gnu-tools-for-stm32.7-2018-q2-update.win32_1.0.0.201904181610/tools/bin/../lib/gcc/arm-none-eabi/7.3.1/../../../../arm-none-eabi/lib/thumb/v7-m\libc_nano.a(lib_a-init.o)
 .ARM.attributes
                0x0000000000000455       0x2d c:/st/stm32cubeide_1.0.2/stm32cubeide/plugins/com.st.stm32cube.ide.mcu.externaltools.gnu-tools-for-stm32.7-2018-q2-update.win32_1.0.0.201904181610/tools/bin/../lib/gcc/arm-none-eabi/7.3.1/../../../../arm-none-eabi/lib/thumb/v7-m\libc_nano.a(lib_a-memset.o)
 .ARM.attributes
                0x0000000000000482       0x2d c:/st/stm32cubeide_1.0.2/stm32cubeide/plugins/com.st.stm32cube.ide.mcu.externaltools.gnu-tools-for-stm32.7-2018-q2-update.win32_1.0.0.201904181610/tools/bin/../lib/gcc/arm-none-eabi/7.3.1/../../../../arm-none-eabi/lib/thumb/v7-m\libc_nano.a(lib_a-rand.o)
 .ARM.attributes
                0x00000000000004af       0x2d c:/st/stm32cubeide_1.0.2/stm32cubeide/plugins/com.st.stm32cube.ide.mcu.externaltools.gnu-tools-for-stm32.7-2018-q2-update.win32_1.0.0.201904181610/tools/bin/../lib/gcc/arm-none-eabi/7.3.1/../../../../arm-none-eabi/lib/thumb/v7-m\libc_nano.a(lib_a-malloc.o)
 .ARM.attributes
                0x00000000000004dc       0x2d c:/st/stm32cubeide_1.0.2/stm32cubeide/plugins/com.st.stm32cube.ide.mcu.externaltools.gnu-tools-for-stm32.7-2018-q2-update.win32_1.0.0.201904181610/tools/bin/../lib/gcc/arm-none-eabi/7.3.1/../../../../arm-none-eabi/lib/thumb/v7-m\libc_nano.a(lib_a-nano-mallocr.o)
 .ARM.attributes
                0x0000000000000509       0x2d c:/st/stm32cubeide_1.0.2/stm32cubeide/plugins/com.st.stm32cube.ide.mcu.externaltools.gnu-tools-for-stm32.7-2018-q2-update.win32_1.0.0.201904181610/tools/bin/../lib/gcc/arm-none-eabi/7.3.1/../../../../arm-none-eabi/lib/thumb/v7-m\libc_nano.a(lib_a-sbrkr.o)
 .ARM.attributes
                0x0000000000000536       0x2d c:/st/stm32cubeide_1.0.2/stm32cubeide/plugins/com.st.stm32cube.ide.mcu.externaltools.gnu-tools-for-stm32.7-2018-q2-update.win32_1.0.0.201904181610/tools/bin/../lib/gcc/arm-none-eabi/7.3.1/../../../../arm-none-eabi/lib/thumb/v7-m\libc_nano.a(lib_a-mlock.o)
 .ARM.attributes
                0x0000000000000563       0x2d c:/st/stm32cubeide_1.0.2/stm32cubeide/plugins/com.st.stm32cube.ide.mcu.externaltools.gnu-tools-for-stm32.7-2018-q2-update.win32_1.0.0.201904181610/tools/bin/../lib/gcc/arm-none-eabi/7.3.1/../../../../arm-none-eabi/lib/thumb/v7-m\libc_nano.a(lib_a-reent.o)
 .ARM.attributes
                0x0000000000000590       0x1d c:/st/stm32cubeide_1.0.2/stm32cubeide/plugins/com.st.stm32cube.ide.mcu.externaltools.gnu-tools-for-stm32.7-2018-q2-update.win32_1.0.0.201904181610/tools/bin/../lib/gcc/arm-none-eabi/7.3.1/thumb/v7-m\libgcc.a(_arm_addsubdf3.o)
 .ARM.attributes
                0x00000000000005ad       0x1d c:/st/stm32cubeide_1.0.2/stm32cubeide/plugins/com.st.stm32cube.ide.mcu.externaltools.gnu-tools-for-stm32.7-2018-q2-update.win32_1.0.0.201904181610/tools/bin/../lib/gcc/arm-none-eabi/7.3.1/thumb/v7-m\libgcc.a(_arm_muldivdf3.o)
 .ARM.attributes
                0x00000000000005ca       0x1d c:/st/stm32cubeide_1.0.2/stm32cubeide/plugins/com.st.stm32cube.ide.mcu.externaltools.gnu-tools-for-stm32.7-2018-q2-update.win32_1.0.0.201904181610/tools/bin/../lib/gcc/arm-none-eabi/7.3.1/thumb/v7-m\libgcc.a(_arm_fixunsdfsi.o)
 .ARM.attributes
                0x00000000000005e7       0x1d c:/st/stm32cubeide_1.0.2/stm32cubeide/plugins/com.st.stm32cube.ide.mcu.externaltools.gnu-tools-for-stm32.7-2018-q2-update.win32_1.0.0.201904181610/tools/bin/../lib/gcc/arm-none-eabi/7.3.1/thumb/v7-m/crtn.o
OUTPUT(CS301_tetris.elf elf32-littlearm)

.debug_info     0x0000000000000000     0xa9a7
 .debug_info    0x0000000000000000      0x764 Drivers/STM32F1xx_HAL_Driver/Src/stm32f1xx_hal.o
 .debug_info    0x0000000000000764      0xc61 Drivers/STM32F1xx_HAL_Driver/Src/stm32f1xx_hal_adc.o
 .debug_info    0x00000000000013c5      0xbac Drivers/STM32F1xx_HAL_Driver/Src/stm32f1xx_hal_cortex.o
 .debug_info    0x0000000000001f71      0x7a6 Drivers/STM32F1xx_HAL_Driver/Src/stm32f1xx_hal_dma.o
 .debug_info    0x0000000000002717      0x681 Drivers/STM32F1xx_HAL_Driver/Src/stm32f1xx_hal_gpio.o
 .debug_info    0x0000000000002d98      0x804 Drivers/STM32F1xx_HAL_Driver/Src/stm32f1xx_hal_rcc.o
 .debug_info    0x000000000000359c      0x453 Drivers/STM32F1xx_HAL_Driver/Src/stm32f1xx_hal_rcc_ex.o
 .debug_info    0x00000000000039ef     0x11e3 Drivers/STM32F1xx_HAL_Driver/Src/stm32f1xx_hal_uart.o
 .debug_info    0x0000000000004bd2      0x7ee Src/adc.o
 .debug_info    0x00000000000053c0      0x4fe Src/gpio.o
 .debug_info    0x00000000000058be     0x164e Src/lcd.o
 .debug_info    0x0000000000006f0c     0x1aa6 Src/main.o
 .debug_info    0x00000000000089b2      0x2cb Src/stm32f1xx_hal_msp.o
 .debug_info    0x0000000000008c7d      0x665 Src/stm32f1xx_it.o
 .debug_info    0x00000000000092e2      0x91c Src/sysmem.o
 .debug_info    0x0000000000009bfe      0x433 Src/system_stm32f1xx.o
 .debug_info    0x000000000000a031      0x954 Src/usart.o
 .debug_info    0x000000000000a985       0x22 Startup/startup_stm32f103rctx.o

.debug_abbrev   0x0000000000000000     0x2046
 .debug_abbrev  0x0000000000000000      0x1d8 Drivers/STM32F1xx_HAL_Driver/Src/stm32f1xx_hal.o
 .debug_abbrev  0x00000000000001d8      0x1d5 Drivers/STM32F1xx_HAL_Driver/Src/stm32f1xx_hal_adc.o
 .debug_abbrev  0x00000000000003ad      0x2d5 Drivers/STM32F1xx_HAL_Driver/Src/stm32f1xx_hal_cortex.o
 .debug_abbrev  0x0000000000000682      0x1fe Drivers/STM32F1xx_HAL_Driver/Src/stm32f1xx_hal_dma.o
 .debug_abbrev  0x0000000000000880      0x1c0 Drivers/STM32F1xx_HAL_Driver/Src/stm32f1xx_hal_gpio.o
 .debug_abbrev  0x0000000000000a40      0x243 Drivers/STM32F1xx_HAL_Driver/Src/stm32f1xx_hal_rcc.o
 .debug_abbrev  0x0000000000000c83      0x175 Drivers/STM32F1xx_HAL_Driver/Src/stm32f1xx_hal_rcc_ex.o
 .debug_abbrev  0x0000000000000df8      0x242 Drivers/STM32F1xx_HAL_Driver/Src/stm32f1xx_hal_uart.o
 .debug_abbrev  0x000000000000103a      0x199 Src/adc.o
 .debug_abbrev  0x00000000000011d3      0x13d Src/gpio.o
 .debug_abbrev  0x0000000000001310      0x30f Src/lcd.o
 .debug_abbrev  0x000000000000161f      0x332 Src/main.o
 .debug_abbrev  0x0000000000001951      0x109 Src/stm32f1xx_hal_msp.o
 .debug_abbrev  0x0000000000001a5a      0x149 Src/stm32f1xx_it.o
 .debug_abbrev  0x0000000000001ba3      0x1bb Src/sysmem.o
 .debug_abbrev  0x0000000000001d5e      0x134 Src/system_stm32f1xx.o
 .debug_abbrev  0x0000000000001e92      0x1a2 Src/usart.o
 .debug_abbrev  0x0000000000002034       0x12 Startup/startup_stm32f103rctx.o

.debug_aranges  0x0000000000000000      0x9d8
 .debug_aranges
                0x0000000000000000       0xe0 Drivers/STM32F1xx_HAL_Driver/Src/stm32f1xx_hal.o
 .debug_aranges
                0x00000000000000e0       0xf0 Drivers/STM32F1xx_HAL_Driver/Src/stm32f1xx_hal_adc.o
 .debug_aranges
                0x00000000000001d0      0x100 Drivers/STM32F1xx_HAL_Driver/Src/stm32f1xx_hal_cortex.o
 .debug_aranges
                0x00000000000002d0       0x80 Drivers/STM32F1xx_HAL_Driver/Src/stm32f1xx_hal_dma.o
 .debug_aranges
                0x0000000000000350       0x58 Drivers/STM32F1xx_HAL_Driver/Src/stm32f1xx_hal_gpio.o
 .debug_aranges
                0x00000000000003a8       0x90 Drivers/STM32F1xx_HAL_Driver/Src/stm32f1xx_hal_rcc.o
 .debug_aranges
                0x0000000000000438       0x30 Drivers/STM32F1xx_HAL_Driver/Src/stm32f1xx_hal_rcc_ex.o
 .debug_aranges
                0x0000000000000468      0x1d0 Drivers/STM32F1xx_HAL_Driver/Src/stm32f1xx_hal_uart.o
 .debug_aranges
                0x0000000000000638       0x30 Src/adc.o
 .debug_aranges
                0x0000000000000668       0x20 Src/gpio.o
 .debug_aranges
                0x0000000000000688      0x118 Src/lcd.o
 .debug_aranges
                0x00000000000007a0       0xf8 Src/main.o
 .debug_aranges
                0x0000000000000898       0x20 Src/stm32f1xx_hal_msp.o
 .debug_aranges
                0x00000000000008b8       0x80 Src/stm32f1xx_it.o
 .debug_aranges
                0x0000000000000938       0x20 Src/sysmem.o
 .debug_aranges
                0x0000000000000958       0x28 Src/system_stm32f1xx.o
 .debug_aranges
                0x0000000000000980       0x30 Src/usart.o
 .debug_aranges
                0x00000000000009b0       0x28 Startup/startup_stm32f103rctx.o

.debug_ranges   0x0000000000000000      0x8d8
 .debug_ranges  0x0000000000000000       0xd0 Drivers/STM32F1xx_HAL_Driver/Src/stm32f1xx_hal.o
 .debug_ranges  0x00000000000000d0       0xe0 Drivers/STM32F1xx_HAL_Driver/Src/stm32f1xx_hal_adc.o
 .debug_ranges  0x00000000000001b0       0xf0 Drivers/STM32F1xx_HAL_Driver/Src/stm32f1xx_hal_cortex.o
 .debug_ranges  0x00000000000002a0       0x70 Drivers/STM32F1xx_HAL_Driver/Src/stm32f1xx_hal_dma.o
 .debug_ranges  0x0000000000000310       0x48 Drivers/STM32F1xx_HAL_Driver/Src/stm32f1xx_hal_gpio.o
 .debug_ranges  0x0000000000000358       0x80 Drivers/STM32F1xx_HAL_Driver/Src/stm32f1xx_hal_rcc.o
 .debug_ranges  0x00000000000003d8       0x20 Drivers/STM32F1xx_HAL_Driver/Src/stm32f1xx_hal_rcc_ex.o
 .debug_ranges  0x00000000000003f8      0x1c0 Drivers/STM32F1xx_HAL_Driver/Src/stm32f1xx_hal_uart.o
 .debug_ranges  0x00000000000005b8       0x20 Src/adc.o
 .debug_ranges  0x00000000000005d8       0x10 Src/gpio.o
 .debug_ranges  0x00000000000005e8      0x108 Src/lcd.o
 .debug_ranges  0x00000000000006f0      0x100 Src/main.o
 .debug_ranges  0x00000000000007f0       0x10 Src/stm32f1xx_hal_msp.o
 .debug_ranges  0x0000000000000800       0x70 Src/stm32f1xx_it.o
 .debug_ranges  0x0000000000000870       0x10 Src/sysmem.o
 .debug_ranges  0x0000000000000880       0x18 Src/system_stm32f1xx.o
 .debug_ranges  0x0000000000000898       0x20 Src/usart.o
 .debug_ranges  0x00000000000008b8       0x20 Startup/startup_stm32f103rctx.o

.debug_macro    0x0000000000000000    0x16f16
 .debug_macro   0x0000000000000000      0x1bd Drivers/STM32F1xx_HAL_Driver/Src/stm32f1xx_hal.o
 .debug_macro   0x00000000000001bd      0xa5a Drivers/STM32F1xx_HAL_Driver/Src/stm32f1xx_hal.o
 .debug_macro   0x0000000000000c17      0x21b Drivers/STM32F1xx_HAL_Driver/Src/stm32f1xx_hal.o
 .debug_macro   0x0000000000000e32       0x2e Drivers/STM32F1xx_HAL_Driver/Src/stm32f1xx_hal.o
 .debug_macro   0x0000000000000e60       0x22 Drivers/STM32F1xx_HAL_Driver/Src/stm32f1xx_hal.o
 .debug_macro   0x0000000000000e82       0x22 Drivers/STM32F1xx_HAL_Driver/Src/stm32f1xx_hal.o
 .debug_macro   0x0000000000000ea4       0x8e Drivers/STM32F1xx_HAL_Driver/Src/stm32f1xx_hal.o
 .debug_macro   0x0000000000000f32       0x51 Drivers/STM32F1xx_HAL_Driver/Src/stm32f1xx_hal.o
 .debug_macro   0x0000000000000f83       0xef Drivers/STM32F1xx_HAL_Driver/Src/stm32f1xx_hal.o
 .debug_macro   0x0000000000001072       0x6a Drivers/STM32F1xx_HAL_Driver/Src/stm32f1xx_hal.o
 .debug_macro   0x00000000000010dc      0x1df Drivers/STM32F1xx_HAL_Driver/Src/stm32f1xx_hal.o
 .debug_macro   0x00000000000012bb       0x1c Drivers/STM32F1xx_HAL_Driver/Src/stm32f1xx_hal.o
 .debug_macro   0x00000000000012d7       0x22 Drivers/STM32F1xx_HAL_Driver/Src/stm32f1xx_hal.o
 .debug_macro   0x00000000000012f9       0xc3 Drivers/STM32F1xx_HAL_Driver/Src/stm32f1xx_hal.o
 .debug_macro   0x00000000000013bc      0xd23 Drivers/STM32F1xx_HAL_Driver/Src/stm32f1xx_hal.o
 .debug_macro   0x00000000000020df     0xfd8c Drivers/STM32F1xx_HAL_Driver/Src/stm32f1xx_hal.o
 .debug_macro   0x0000000000011e6b       0x43 Drivers/STM32F1xx_HAL_Driver/Src/stm32f1xx_hal.o
 .debug_macro   0x0000000000011eae      0x174 Drivers/STM32F1xx_HAL_Driver/Src/stm32f1xx_hal.o
 .debug_macro   0x0000000000012022       0x5a Drivers/STM32F1xx_HAL_Driver/Src/stm32f1xx_hal.o
 .debug_macro   0x000000000001207c      0x5be Drivers/STM32F1xx_HAL_Driver/Src/stm32f1xx_hal.o
 .debug_macro   0x000000000001263a      0x4d5 Drivers/STM32F1xx_HAL_Driver/Src/stm32f1xx_hal.o
 .debug_macro   0x0000000000012b0f      0x1cb Drivers/STM32F1xx_HAL_Driver/Src/stm32f1xx_hal.o
 .debug_macro   0x0000000000012cda      0x114 Drivers/STM32F1xx_HAL_Driver/Src/stm32f1xx_hal.o
 .debug_macro   0x0000000000012dee      0x1ea Drivers/STM32F1xx_HAL_Driver/Src/stm32f1xx_hal.o
 .debug_macro   0x0000000000012fd8       0x27 Drivers/STM32F1xx_HAL_Driver/Src/stm32f1xx_hal.o
 .debug_macro   0x0000000000012fff      0x144 Drivers/STM32F1xx_HAL_Driver/Src/stm32f1xx_hal.o
 .debug_macro   0x0000000000013143      0x1bc Drivers/STM32F1xx_HAL_Driver/Src/stm32f1xx_hal.o
 .debug_macro   0x00000000000132ff       0x30 Drivers/STM32F1xx_HAL_Driver/Src/stm32f1xx_hal.o
 .debug_macro   0x000000000001332f       0x3c Drivers/STM32F1xx_HAL_Driver/Src/stm32f1xx_hal.o
 .debug_macro   0x000000000001336b       0x57 Drivers/STM32F1xx_HAL_Driver/Src/stm32f1xx_hal.o
 .debug_macro   0x00000000000133c2      0x46a Drivers/STM32F1xx_HAL_Driver/Src/stm32f1xx_hal.o
 .debug_macro   0x000000000001382c      0x25d Drivers/STM32F1xx_HAL_Driver/Src/stm32f1xx_hal.o
 .debug_macro   0x0000000000013a89       0x88 Drivers/STM32F1xx_HAL_Driver/Src/stm32f1xx_hal.o
 .debug_macro   0x0000000000013b11      0x24f Drivers/STM32F1xx_HAL_Driver/Src/stm32f1xx_hal.o
 .debug_macro   0x0000000000013d60      0x141 Drivers/STM32F1xx_HAL_Driver/Src/stm32f1xx_hal.o
 .debug_macro   0x0000000000013ea1      0x26b Drivers/STM32F1xx_HAL_Driver/Src/stm32f1xx_hal.o
 .debug_macro   0x000000000001410c       0xb5 Drivers/STM32F1xx_HAL_Driver/Src/stm32f1xx_hal.o
 .debug_macro   0x00000000000141c1      0x1b6 Drivers/STM32F1xx_HAL_Driver/Src/stm32f1xx_hal_adc.o
 .debug_macro   0x0000000000014377      0x199 Drivers/STM32F1xx_HAL_Driver/Src/stm32f1xx_hal_cortex.o
 .debug_macro   0x0000000000014510      0x199 Drivers/STM32F1xx_HAL_Driver/Src/stm32f1xx_hal_dma.o
 .debug_macro   0x00000000000146a9      0x204 Drivers/STM32F1xx_HAL_Driver/Src/stm32f1xx_hal_gpio.o
 .debug_macro   0x00000000000148ad      0x1ab Drivers/STM32F1xx_HAL_Driver/Src/stm32f1xx_hal_rcc.o
 .debug_macro   0x0000000000014a58      0x199 Drivers/STM32F1xx_HAL_Driver/Src/stm32f1xx_hal_rcc_ex.o
 .debug_macro   0x0000000000014bf1      0x19a Drivers/STM32F1xx_HAL_Driver/Src/stm32f1xx_hal_uart.o
 .debug_macro   0x0000000000014d8b      0x1b2 Src/adc.o
 .debug_macro   0x0000000000014f3d       0x52 Src/adc.o
 .debug_macro   0x0000000000014f8f      0x1b2 Src/gpio.o
 .debug_macro   0x0000000000015141      0x280 Src/lcd.o
 .debug_macro   0x00000000000153c1       0x18 Src/lcd.o
 .debug_macro   0x00000000000153d9       0x46 Src/lcd.o
 .debug_macro   0x000000000001541f       0x3c Src/lcd.o
 .debug_macro   0x000000000001545b       0x34 Src/lcd.o
 .debug_macro   0x000000000001548f       0x16 Src/lcd.o
 .debug_macro   0x00000000000154a5       0x35 Src/lcd.o
 .debug_macro   0x00000000000154da       0x52 Src/lcd.o
 .debug_macro   0x000000000001552c       0x1f Src/lcd.o
 .debug_macro   0x000000000001554b       0x43 Src/lcd.o
 .debug_macro   0x000000000001558e       0x20 Src/lcd.o
 .debug_macro   0x00000000000155ae      0x1a3 Src/lcd.o
 .debug_macro   0x0000000000015751      0x32a Src/lcd.o
 .debug_macro   0x0000000000015a7b       0x16 Src/lcd.o
 .debug_macro   0x0000000000015a91       0x29 Src/lcd.o
 .debug_macro   0x0000000000015aba      0x1dc Src/lcd.o
 .debug_macro   0x0000000000015c96      0x34b Src/main.o
 .debug_macro   0x0000000000015fe1       0x16 Src/main.o
 .debug_macro   0x0000000000015ff7       0x10 Src/main.o
 .debug_macro   0x0000000000016007       0x10 Src/main.o
 .debug_macro   0x0000000000016017       0x10 Src/main.o
 .debug_macro   0x0000000000016027       0x1c Src/main.o
 .debug_macro   0x0000000000016043       0x52 Src/main.o
 .debug_macro   0x0000000000016095       0x40 Src/main.o
 .debug_macro   0x00000000000160d5       0x10 Src/main.o
 .debug_macro   0x00000000000160e5       0x40 Src/main.o
 .debug_macro   0x0000000000016125       0xd7 Src/main.o
 .debug_macro   0x00000000000161fc       0x1c Src/main.o
 .debug_macro   0x0000000000016218       0x3d Src/main.o
 .debug_macro   0x0000000000016255       0x35 Src/main.o
 .debug_macro   0x000000000001628a      0x1e2 Src/main.o
 .debug_macro   0x000000000001646c      0x1a8 Src/stm32f1xx_hal_msp.o
 .debug_macro   0x0000000000016614      0x1b2 Src/stm32f1xx_it.o
 .debug_macro   0x00000000000167c6      0x1ae Src/sysmem.o
 .debug_macro   0x0000000000016974      0x23b Src/sysmem.o
 .debug_macro   0x0000000000016baf       0x16 Src/sysmem.o
 .debug_macro   0x0000000000016bc5      0x19f Src/system_stm32f1xx.o
 .debug_macro   0x0000000000016d64      0x1b2 Src/usart.o

.debug_line     0x0000000000000000     0xa3ea
 .debug_line    0x0000000000000000      0x80a Drivers/STM32F1xx_HAL_Driver/Src/stm32f1xx_hal.o
 .debug_line    0x000000000000080a      0xb72 Drivers/STM32F1xx_HAL_Driver/Src/stm32f1xx_hal_adc.o
 .debug_line    0x000000000000137c      0x8e3 Drivers/STM32F1xx_HAL_Driver/Src/stm32f1xx_hal_cortex.o
 .debug_line    0x0000000000001c5f      0xef3 Drivers/STM32F1xx_HAL_Driver/Src/stm32f1xx_hal_dma.o
 .debug_line    0x0000000000002b52      0x832 Drivers/STM32F1xx_HAL_Driver/Src/stm32f1xx_hal_gpio.o
 .debug_line    0x0000000000003384      0x8cc Drivers/STM32F1xx_HAL_Driver/Src/stm32f1xx_hal_rcc.o
 .debug_line    0x0000000000003c50      0x6f0 Drivers/STM32F1xx_HAL_Driver/Src/stm32f1xx_hal_rcc_ex.o
 .debug_line    0x0000000000004340      0xf15 Drivers/STM32F1xx_HAL_Driver/Src/stm32f1xx_hal_uart.o
 .debug_line    0x0000000000005255      0x65e Src/adc.o
 .debug_line    0x00000000000058b3      0x648 Src/gpio.o
 .debug_line    0x0000000000005efb     0x1563 Src/lcd.o
 .debug_line    0x000000000000745e      0xfac Src/main.o
 .debug_line    0x000000000000840a      0x62e Src/stm32f1xx_hal_msp.o
 .debug_line    0x0000000000008a38      0x718 Src/stm32f1xx_it.o
 .debug_line    0x0000000000009150      0x559 Src/sysmem.o
 .debug_line    0x00000000000096a9      0x65d Src/system_stm32f1xx.o
 .debug_line    0x0000000000009d06      0x665 Src/usart.o
 .debug_line    0x000000000000a36b       0x7f Startup/startup_stm32f103rctx.o

.debug_str      0x0000000000000000    0x7f1eb
 .debug_str     0x0000000000000000    0x78198 Drivers/STM32F1xx_HAL_Driver/Src/stm32f1xx_hal.o
                                      0x78605 (size before relaxing)
 .debug_str     0x0000000000078198      0x66c Drivers/STM32F1xx_HAL_Driver/Src/stm32f1xx_hal_adc.o
                                      0x78526 (size before relaxing)
 .debug_str     0x0000000000078804      0x326 Drivers/STM32F1xx_HAL_Driver/Src/stm32f1xx_hal_cortex.o
                                      0x78613 (size before relaxing)
 .debug_str     0x0000000000078b2a      0x23f Drivers/STM32F1xx_HAL_Driver/Src/stm32f1xx_hal_dma.o
                                      0x78271 (size before relaxing)
 .debug_str     0x0000000000078d69      0x39e Drivers/STM32F1xx_HAL_Driver/Src/stm32f1xx_hal_gpio.o
                                      0x7825a (size before relaxing)
 .debug_str     0x0000000000079107      0x373 Drivers/STM32F1xx_HAL_Driver/Src/stm32f1xx_hal_rcc.o
                                      0x78293 (size before relaxing)
 .debug_str     0x000000000007947a      0x151 Drivers/STM32F1xx_HAL_Driver/Src/stm32f1xx_hal_rcc_ex.o
                                      0x78046 (size before relaxing)
 .debug_str     0x00000000000795cb      0x6e3 Drivers/STM32F1xx_HAL_Driver/Src/stm32f1xx_hal_uart.o
                                      0x78782 (size before relaxing)
 .debug_str     0x0000000000079cae      0x175 Src/adc.o
                                      0x78386 (size before relaxing)
 .debug_str     0x0000000000079e23       0x25 Src/gpio.o
                                      0x783cd (size before relaxing)
 .debug_str     0x0000000000079e48     0x3848 Src/lcd.o
                                      0x7b8a6 (size before relaxing)
 .debug_str     0x000000000007d690      0xe8a Src/main.o
                                      0x7cac2 (size before relaxing)
 .debug_str     0x000000000007e51a       0x1b Src/stm32f1xx_hal_msp.o
                                      0x77fcc (size before relaxing)
 .debug_str     0x000000000007e535      0x103 Src/stm32f1xx_it.o
                                      0x783d6 (size before relaxing)
 .debug_str     0x000000000007e638      0xaeb Src/sysmem.o
                                       0x7acb (size before relaxing)
 .debug_str     0x000000000007f123       0x69 Src/system_stm32f1xx.o
                                      0x77f0b (size before relaxing)
 .debug_str     0x000000000007f18c       0x2e Src/usart.o
                                      0x78798 (size before relaxing)
 .debug_str     0x000000000007f1ba       0x31 Startup/startup_stm32f103rctx.o
                                         0x70 (size before relaxing)

.comment        0x0000000000000000       0x7b
 .comment       0x0000000000000000       0x7b Drivers/STM32F1xx_HAL_Driver/Src/stm32f1xx_hal.o
                                         0x7c (size before relaxing)
 .comment       0x000000000000007b       0x7c Drivers/STM32F1xx_HAL_Driver/Src/stm32f1xx_hal_adc.o
 .comment       0x000000000000007b       0x7c Drivers/STM32F1xx_HAL_Driver/Src/stm32f1xx_hal_cortex.o
 .comment       0x000000000000007b       0x7c Drivers/STM32F1xx_HAL_Driver/Src/stm32f1xx_hal_dma.o
 .comment       0x000000000000007b       0x7c Drivers/STM32F1xx_HAL_Driver/Src/stm32f1xx_hal_gpio.o
 .comment       0x000000000000007b       0x7c Drivers/STM32F1xx_HAL_Driver/Src/stm32f1xx_hal_rcc.o
 .comment       0x000000000000007b       0x7c Drivers/STM32F1xx_HAL_Driver/Src/stm32f1xx_hal_rcc_ex.o
 .comment       0x000000000000007b       0x7c Drivers/STM32F1xx_HAL_Driver/Src/stm32f1xx_hal_uart.o
 .comment       0x000000000000007b       0x7c Src/adc.o
 .comment       0x000000000000007b       0x7c Src/gpio.o
 .comment       0x000000000000007b       0x7c Src/lcd.o
 .comment       0x000000000000007b       0x7c Src/main.o
 .comment       0x000000000000007b       0x7c Src/stm32f1xx_hal_msp.o
 .comment       0x000000000000007b       0x7c Src/stm32f1xx_it.o
 .comment       0x000000000000007b       0x7c Src/sysmem.o
 .comment       0x000000000000007b       0x7c Src/system_stm32f1xx.o
 .comment       0x000000000000007b       0x7c Src/usart.o

.debug_frame    0x0000000000000000     0x28f8
 .debug_frame   0x0000000000000000      0x334 Drivers/STM32F1xx_HAL_Driver/Src/stm32f1xx_hal.o
 .debug_frame   0x0000000000000334      0x40c Drivers/STM32F1xx_HAL_Driver/Src/stm32f1xx_hal_adc.o
 .debug_frame   0x0000000000000740      0x428 Drivers/STM32F1xx_HAL_Driver/Src/stm32f1xx_hal_cortex.o
 .debug_frame   0x0000000000000b68      0x20c Drivers/STM32F1xx_HAL_Driver/Src/stm32f1xx_hal_dma.o
 .debug_frame   0x0000000000000d74      0x14c Drivers/STM32F1xx_HAL_Driver/Src/stm32f1xx_hal_gpio.o
 .debug_frame   0x0000000000000ec0      0x21c Drivers/STM32F1xx_HAL_Driver/Src/stm32f1xx_hal_rcc.o
 .debug_frame   0x00000000000010dc       0x84 Drivers/STM32F1xx_HAL_Driver/Src/stm32f1xx_hal_rcc_ex.o
 .debug_frame   0x0000000000001160      0x834 Drivers/STM32F1xx_HAL_Driver/Src/stm32f1xx_hal_uart.o
 .debug_frame   0x0000000000001994       0x7c Src/adc.o
 .debug_frame   0x0000000000001a10       0x34 Src/gpio.o
 .debug_frame   0x0000000000001a44      0x4d4 Src/lcd.o
 .debug_frame   0x0000000000001f18      0x448 Src/main.o
 .debug_frame   0x0000000000002360       0x34 Src/stm32f1xx_hal_msp.o
 .debug_frame   0x0000000000002394      0x17c Src/stm32f1xx_it.o
 .debug_frame   0x0000000000002510       0x34 Src/sysmem.o
 .debug_frame   0x0000000000002544       0x58 Src/system_stm32f1xx.o
 .debug_frame   0x000000000000259c       0x74 Src/usart.o
 .debug_frame   0x0000000000002610       0x20 c:/st/stm32cubeide_1.0.2/stm32cubeide/plugins/com.st.stm32cube.ide.mcu.externaltools.gnu-tools-for-stm32.7-2018-q2-update.win32_1.0.0.201904181610/tools/bin/../lib/gcc/arm-none-eabi/7.3.1/../../../../arm-none-eabi/lib/thumb/v7-m\libc_nano.a(lib_a-errno.o)
 .debug_frame   0x0000000000002630       0x2c c:/st/stm32cubeide_1.0.2/stm32cubeide/plugins/com.st.stm32cube.ide.mcu.externaltools.gnu-tools-for-stm32.7-2018-q2-update.win32_1.0.0.201904181610/tools/bin/../lib/gcc/arm-none-eabi/7.3.1/../../../../arm-none-eabi/lib/thumb/v7-m\libc_nano.a(lib_a-init.o)
 .debug_frame   0x000000000000265c       0x20 c:/st/stm32cubeide_1.0.2/stm32cubeide/plugins/com.st.stm32cube.ide.mcu.externaltools.gnu-tools-for-stm32.7-2018-q2-update.win32_1.0.0.201904181610/tools/bin/../lib/gcc/arm-none-eabi/7.3.1/../../../../arm-none-eabi/lib/thumb/v7-m\libc_nano.a(lib_a-memset.o)
 .debug_frame   0x000000000000267c       0x48 c:/st/stm32cubeide_1.0.2/stm32cubeide/plugins/com.st.stm32cube.ide.mcu.externaltools.gnu-tools-for-stm32.7-2018-q2-update.win32_1.0.0.201904181610/tools/bin/../lib/gcc/arm-none-eabi/7.3.1/../../../../arm-none-eabi/lib/thumb/v7-m\libc_nano.a(lib_a-rand.o)
 .debug_frame   0x00000000000026c4       0x30 c:/st/stm32cubeide_1.0.2/stm32cubeide/plugins/com.st.stm32cube.ide.mcu.externaltools.gnu-tools-for-stm32.7-2018-q2-update.win32_1.0.0.201904181610/tools/bin/../lib/gcc/arm-none-eabi/7.3.1/../../../../arm-none-eabi/lib/thumb/v7-m\libc_nano.a(lib_a-malloc.o)
 .debug_frame   0x00000000000026f4       0x2c c:/st/stm32cubeide_1.0.2/stm32cubeide/plugins/com.st.stm32cube.ide.mcu.externaltools.gnu-tools-for-stm32.7-2018-q2-update.win32_1.0.0.201904181610/tools/bin/../lib/gcc/arm-none-eabi/7.3.1/../../../../arm-none-eabi/lib/thumb/v7-m\libc_nano.a(lib_a-nano-mallocr.o)
 .debug_frame   0x0000000000002720       0x2c c:/st/stm32cubeide_1.0.2/stm32cubeide/plugins/com.st.stm32cube.ide.mcu.externaltools.gnu-tools-for-stm32.7-2018-q2-update.win32_1.0.0.201904181610/tools/bin/../lib/gcc/arm-none-eabi/7.3.1/../../../../arm-none-eabi/lib/thumb/v7-m\libc_nano.a(lib_a-sbrkr.o)
 .debug_frame   0x000000000000274c       0x30 c:/st/stm32cubeide_1.0.2/stm32cubeide/plugins/com.st.stm32cube.ide.mcu.externaltools.gnu-tools-for-stm32.7-2018-q2-update.win32_1.0.0.201904181610/tools/bin/../lib/gcc/arm-none-eabi/7.3.1/../../../../arm-none-eabi/lib/thumb/v7-m\libc_nano.a(lib_a-mlock.o)
 .debug_frame   0x000000000000277c       0x5c c:/st/stm32cubeide_1.0.2/stm32cubeide/plugins/com.st.stm32cube.ide.mcu.externaltools.gnu-tools-for-stm32.7-2018-q2-update.win32_1.0.0.201904181610/tools/bin/../lib/gcc/arm-none-eabi/7.3.1/../../../../arm-none-eabi/lib/thumb/v7-m\libc_nano.a(lib_a-reent.o)
 .debug_frame   0x00000000000027d8       0xac c:/st/stm32cubeide_1.0.2/stm32cubeide/plugins/com.st.stm32cube.ide.mcu.externaltools.gnu-tools-for-stm32.7-2018-q2-update.win32_1.0.0.201904181610/tools/bin/../lib/gcc/arm-none-eabi/7.3.1/thumb/v7-m\libgcc.a(_arm_addsubdf3.o)
 .debug_frame   0x0000000000002884       0x50 c:/st/stm32cubeide_1.0.2/stm32cubeide/plugins/com.st.stm32cube.ide.mcu.externaltools.gnu-tools-for-stm32.7-2018-q2-update.win32_1.0.0.201904181610/tools/bin/../lib/gcc/arm-none-eabi/7.3.1/thumb/v7-m\libgcc.a(_arm_muldivdf3.o)
 .debug_frame   0x00000000000028d4       0x24 c:/st/stm32cubeide_1.0.2/stm32cubeide/plugins/com.st.stm32cube.ide.mcu.externaltools.gnu-tools-for-stm32.7-2018-q2-update.win32_1.0.0.201904181610/tools/bin/../lib/gcc/arm-none-eabi/7.3.1/thumb/v7-m\libgcc.a(_arm_fixunsdfsi.o)
