main.c:78:6:DrawElements	16	static
main.c:88:6:CreateSquare	16	static
main.c:159:6:Convert	4	static
main.c:168:6:BringNexttoBoard	16	static
main.c:178:6:DrawNewBornBlock	48	static
main.c:210:6:DrawNextBlock	48	static
main.c:247:6:DrawBlocks	80	static
main.c:298:6:Initial	24	static
main.c:314:5:CanSqureDown	24	static
main.c:330:6:SqureDown	16	static
main.c:342:6:TurnDeath	16	static
main.c:353:5:CanShiftRight	16	static
main.c:370:6:ShiftRight	24	static
main.c:385:5:CanShiftLeft	16	static
main.c:402:6:ShiftLeft	24	static
main.c:417:5:NormalShapeVerify	16	static
main.c:440:6:NormalShapChange	88	static
main.c:481:5:LongShapeVerify	16	static
main.c:498:6:LongShapeChange	8	static
main.c:526:6:ChangeVerify	8	static
main.c:541:6:HAL_GPIO_EXTI_Callback	16	static
main.c:562:6:ChangeSpeed	4	static
main.c:571:6:EliminateLine	72	static
main.c:609:5:isGameOver	16	static
main.c:619:6:Bomb	48	static
main.c:653:5:main	24	static
main.c:732:6:SystemClock_Config	96	static
main.c:776:6:Error_Handler	4	static
